Archive member included to satisfy reference by file (symbol)

./libopencm3//lib/libopencm3_stm32f4.a(adc_common_v1.o)
                              sismografo.o (adc_power_off)
./libopencm3//lib/libopencm3_stm32f4.a(adc_common_v1_multi.o)
                              sismografo.o (adc_power_on)
./libopencm3//lib/libopencm3_stm32f4.a(adc_common_f47.o)
                              sismografo.o (adc_set_sample_time_on_all_channels)
./libopencm3//lib/libopencm3_stm32f4.a(fmc_common_f47.o)
                              sdram.o (sdram_timing)
./libopencm3//lib/libopencm3_stm32f4.a(gpio_common_all.o)
                              lcd-spi.o (gpio_set)
./libopencm3//lib/libopencm3_stm32f4.a(gpio_common_f0234.o)
                              sdram.o (gpio_mode_setup)
./libopencm3//lib/libopencm3_stm32f4.a(rcc_common_all.o)
                              sdram.o (rcc_periph_clock_enable)
./libopencm3//lib/libopencm3_stm32f4.a(rcc.o)
                              clock.o (rcc_clock_setup_pll)
./libopencm3//lib/libopencm3_stm32f4.a(spi_common_all.o)
                              lcd-spi.o (spi_enable)
./libopencm3//lib/libopencm3_stm32f4.a(spi_common_v1.o)
                              lcd-spi.o (spi_init_master)
./libopencm3//lib/libopencm3_stm32f4.a(usart_common_all.o)
                              console.o (usart_set_baudrate)
./libopencm3//lib/libopencm3_stm32f4.a(usart_common_f124.o)
                              ./libopencm3//lib/libopencm3_stm32f4.a(usart_common_all.o) (usart_send)
./libopencm3//lib/libopencm3_stm32f4.a(vector.o)
                              (reset_handler)
./libopencm3//lib/libopencm3_stm32f4.a(systick.o)
                              clock.o (systick_set_reload)
./libopencm3//lib/libopencm3_stm32f4.a(scb.o)
                              console.o (scb_reset_system)
./libopencm3//lib/libopencm3_stm32f4.a(nvic.o)
                              console.o (nvic_enable_irq)
./libopencm3//lib/libopencm3_stm32f4.a(flash_common_all.o)
                              ./libopencm3//lib/libopencm3_stm32f4.a(rcc.o) (flash_set_ws)
./libopencm3//lib/libopencm3_stm32f4.a(flash_common_idcache.o)
                              ./libopencm3//lib/libopencm3_stm32f4.a(rcc.o) (flash_dcache_enable)
./libopencm3//lib/libopencm3_stm32f4.a(pwr.o)
                              ./libopencm3//lib/libopencm3_stm32f4.a(rcc.o) (pwr_set_vos_scale)
/usr/lib/gcc/arm-none-eabi/9.2.1/../../../arm-none-eabi/lib/thumb/v7e-m+fp/hard/libc.a(lib_a-sprintf.o)
                              sismografo.o (sprintf)
/usr/lib/gcc/arm-none-eabi/9.2.1/../../../arm-none-eabi/lib/thumb/v7e-m+fp/hard/libc.a(lib_a-svfprintf.o)
                              /usr/lib/gcc/arm-none-eabi/9.2.1/../../../arm-none-eabi/lib/thumb/v7e-m+fp/hard/libc.a(lib_a-sprintf.o) (_svfprintf_r)
/usr/lib/gcc/arm-none-eabi/9.2.1/../../../arm-none-eabi/lib/thumb/v7e-m+fp/hard/libc.a(lib_a-dtoa.o)
                              /usr/lib/gcc/arm-none-eabi/9.2.1/../../../arm-none-eabi/lib/thumb/v7e-m+fp/hard/libc.a(lib_a-svfprintf.o) (_dtoa_r)
/usr/lib/gcc/arm-none-eabi/9.2.1/../../../arm-none-eabi/lib/thumb/v7e-m+fp/hard/libc.a(lib_a-impure.o)
                              /usr/lib/gcc/arm-none-eabi/9.2.1/../../../arm-none-eabi/lib/thumb/v7e-m+fp/hard/libc.a(lib_a-sprintf.o) (_impure_ptr)
/usr/lib/gcc/arm-none-eabi/9.2.1/../../../arm-none-eabi/lib/thumb/v7e-m+fp/hard/libc.a(lib_a-localeconv.o)
                              /usr/lib/gcc/arm-none-eabi/9.2.1/../../../arm-none-eabi/lib/thumb/v7e-m+fp/hard/libc.a(lib_a-svfprintf.o) (_localeconv_r)
/usr/lib/gcc/arm-none-eabi/9.2.1/../../../arm-none-eabi/lib/thumb/v7e-m+fp/hard/libc.a(lib_a-mallocr.o)
                              /usr/lib/gcc/arm-none-eabi/9.2.1/../../../arm-none-eabi/lib/thumb/v7e-m+fp/hard/libc.a(lib_a-svfprintf.o) (_malloc_r)
/usr/lib/gcc/arm-none-eabi/9.2.1/../../../arm-none-eabi/lib/thumb/v7e-m+fp/hard/libc.a(lib_a-memchr.o)
                              /usr/lib/gcc/arm-none-eabi/9.2.1/../../../arm-none-eabi/lib/thumb/v7e-m+fp/hard/libc.a(lib_a-svfprintf.o) (memchr)
/usr/lib/gcc/arm-none-eabi/9.2.1/../../../arm-none-eabi/lib/thumb/v7e-m+fp/hard/libc.a(lib_a-memcpy.o)
                              /usr/lib/gcc/arm-none-eabi/9.2.1/../../../arm-none-eabi/lib/thumb/v7e-m+fp/hard/libc.a(lib_a-dtoa.o) (memcpy)
/usr/lib/gcc/arm-none-eabi/9.2.1/../../../arm-none-eabi/lib/thumb/v7e-m+fp/hard/libc.a(lib_a-mlock.o)
                              /usr/lib/gcc/arm-none-eabi/9.2.1/../../../arm-none-eabi/lib/thumb/v7e-m+fp/hard/libc.a(lib_a-mallocr.o) (__malloc_lock)
/usr/lib/gcc/arm-none-eabi/9.2.1/../../../arm-none-eabi/lib/thumb/v7e-m+fp/hard/libc.a(lib_a-mprec.o)
                              /usr/lib/gcc/arm-none-eabi/9.2.1/../../../arm-none-eabi/lib/thumb/v7e-m+fp/hard/libc.a(lib_a-dtoa.o) (_Balloc)
/usr/lib/gcc/arm-none-eabi/9.2.1/../../../arm-none-eabi/lib/thumb/v7e-m+fp/hard/libc.a(lib_a-sbrkr.o)
[...]
Memory Configuration

Name             Origin             Length             Attributes
rom              0x0000000008000000 0x0000000000200000 xr
ccm              0x0000000010000000 0x0000000000010000 xrw
ram              0x0000000020000000 0x0000000000030000 xrw
*default*        0x0000000000000000 0xffffffffffffffff

Linker script and memory map

LOAD sdram.o
LOAD clock.o
LOAD console.o
LOAD lcd-spi.o
LOAD gfx.o
LOAD sismografo.o
LOAD /usr/lib/gcc/arm-none-eabi/9.2.1/../../../arm-none-eabi/lib/thumb/v7e-m+fp/hard/libm.a
LOAD ./libopencm3//lib/libopencm3_stm32f4.a
START GROUP
LOAD /usr/lib/gcc/arm-none-eabi/9.2.1/../../../arm-none-eabi/lib/thumb/v7e-m+fp/hard/libc.a
LOAD /usr/lib/gcc/arm-none-eabi/9.2.1/thumb/v7e-m+fp/hard/libgcc.a
LOAD /usr/lib/gcc/arm-none-eabi/9.2.1/../../../arm-none-eabi/lib/thumb/v7e-m+fp/hard/libnosys.a
END GROUP
START GROUP
LOAD /usr/lib/gcc/arm-none-eabi/9.2.1/thumb/v7e-m+fp/hard/libgcc.a
LOAD /usr/lib/gcc/arm-none-eabi/9.2.1/../../../arm-none-eabi/lib/thumb/v7e-m+fp/hard/libg.a
LOAD /usr/lib/gcc/arm-none-eabi/9.2.1/../../../arm-none-eabi/lib/thumb/v7e-m+fp/hard/libc.a
END GROUP

.text           0x0000000008000000     0x99e8
 *(.vectors)
 .vectors       0x0000000008000000      0x1ac ./libopencm3//lib/libopencm3_stm32f4.a(vector.o)
                0x0000000008000000                vector_table
 *(.text*)
 .text.sdram_init
                0x00000000080001ac       0xfc sdram.o
                0x00000000080001ac                sdram_init
 .text.sys_tick_handler
                0x00000000080002a8       0x10 clock.o
                0x00000000080002a8                sys_tick_handler
 .text.msleep   0x00000000080002b8       0x14 clock.o
                0x00000000080002b8                msleep
 .text.clock_setup
                0x00000000080002cc       0x28 clock.o
                0x00000000080002cc                clock_setup
 .text.usart1_isr
                0x00000000080002f4       0x58 console.o
                0x00000000080002f4                usart1_isr
 .text.console_putc
                0x000000000800034c       0x18 console.o
                0x000000000800034c                console_putc
 .text.console_puts
                0x0000000008000364       0x1e console.o
                0x0000000008000364                console_puts
 *fill*         0x0000000008000382        0x2 
 .text.console_setup
                0x0000000008000384       0x80 console.o
                0x0000000008000384                console_setup
 .text.lcd_command
                0x0000000008000404       0x64 lcd-spi.o
 .text.print_hex
                0x0000000008000468       0x4c lcd-spi.o
 .text.lcd_draw_pixel
                0x00000000080004b4       0x14 lcd-spi.o
                0x00000000080004b4                lcd_draw_pixel
 .text.lcd_show_frame
                0x00000000080004c8       0x50 lcd-spi.o
                0x00000000080004c8                lcd_show_frame
 .text.lcd_spi_init
                0x0000000008000518      0x1b0 lcd-spi.o
                0x0000000008000518                lcd_spi_init
 .text.gfx_drawPixel
                0x00000000080006c8       0x2c gfx.o
                0x00000000080006c8                gfx_drawPixel
 .text.gfx_init
                0x00000000080006f4       0x20 gfx.o
                0x00000000080006f4                gfx_init
 .text.gfx_drawLine
                0x0000000008000714       0xb4 gfx.o
                0x0000000008000714                gfx_drawLine
 .text.gfx_drawFastVLine
                0x00000000080007c8       0x16 gfx.o
                0x00000000080007c8                gfx_drawFastVLine
 .text.gfx_fillRect
                0x00000000080007de       0x2a gfx.o
                0x00000000080007de                gfx_fillRect
 .text.gfx_fillScreen
                0x0000000008000808       0x20 gfx.o
                0x0000000008000808                gfx_fillScreen
 .text.gfx_drawChar
                0x0000000008000828       0xdc gfx.o
                0x0000000008000828                gfx_drawChar
 .text.gfx_write
                0x0000000008000904       0x70 gfx.o
                0x0000000008000904                gfx_write
 .text.gfx_puts
                0x0000000008000974       0x12 gfx.o
                0x0000000008000974                gfx_puts
 *fill*         0x0000000008000986        0x2 
 .text.gfx_setCursor
                0x0000000008000988        0xc gfx.o
                0x0000000008000988                gfx_setCursor
 .text.gfx_setTextSize
                0x0000000008000994       0x10 gfx.o
                0x0000000008000994                gfx_setTextSize
 .text.gyr_setup
                0x00000000080009a4      0x100 sismografo.o
                0x00000000080009a4                gyr_setup
 .text.gyr_readX
                0x0000000008000aa4       0x90 sismografo.o
                0x0000000008000aa4                gyr_readX
 .text.gyr_readY
                0x0000000008000b34       0x90 sismografo.o
                0x0000000008000b34                gyr_readY
 .text.gyr_readZ
                0x0000000008000bc4       0x90 sismografo.o
                0x0000000008000bc4                gyr_readZ
 .text.gpio_setup_for_ledR
                0x0000000008000c54       0x20 sismografo.o
                0x0000000008000c54                gpio_setup_for_ledR
 .text.gpio_setup_for_ledG
                0x0000000008000c74       0x20 sismografo.o
                0x0000000008000c74                gpio_setup_for_ledG
 .text.read_adc_average
                0x0000000008000c94       0x48 sismografo.o
                0x0000000008000c94                read_adc_average
 .text.usart_send_string
                0x0000000008000cdc       0x38 sismografo.o
                0x0000000008000cdc                usart_send_string
 .text.adc_to_voltage
                0x0000000008000d14       0x30 sismografo.o
                0x0000000008000d14                adc_to_voltage
 .text.adc_setup
                0x0000000008000d44       0x50 sismografo.o
                0x0000000008000d44                adc_setup
 .text.is_button_pressed
                0x0000000008000d94       0x18 sismografo.o
                0x0000000008000d94                is_button_pressed
 .text.startup.main
                0x0000000008000dac      0x248 sismografo.o
                0x0000000008000dac                main
 .text.adc_power_off
                0x0000000008000ff4        0xa ./libopencm3//lib/libopencm3_stm32f4.a(adc_common_v1.o)
                0x0000000008000ff4                adc_power_off
 .text.adc_enable_scan_mode
                0x0000000008000ffe        0xa ./libopencm3//lib/libopencm3_stm32f4.a(adc_common_v1.o)
                0x0000000008000ffe                adc_enable_scan_mode
 .text.adc_set_right_aligned
                0x0000000008001008        0xa ./libopencm3//lib/libopencm3_stm32f4.a(adc_common_v1.o)
                0x0000000008001008                adc_set_right_aligned
 .text.adc_eoc  0x0000000008001012        0x8 ./libopencm3//lib/libopencm3_stm32f4.a(adc_common_v1.o)
                0x0000000008001012                adc_eoc
 .text.adc_read_regular
                0x000000000800101a        0x4 ./libopencm3//lib/libopencm3_stm32f4.a(adc_common_v1.o)
                0x000000000800101a                adc_read_regular
 .text.adc_set_continuous_conversion_mode
                0x000000000800101e        0xa ./libopencm3//lib/libopencm3_stm32f4.a(adc_common_v1.o)
                0x000000000800101e                adc_set_continuous_conversion_mode
 .text.adc_set_regular_sequence
                0x0000000008001028       0x72 ./libopencm3//lib/libopencm3_stm32f4.a(adc_common_v1.o)
                0x0000000008001028                adc_set_regular_sequence
 .text.adc_start_conversion_regular
                0x000000000800109a       0x14 ./libopencm3//lib/libopencm3_stm32f4.a(adc_common_v1.o)
                0x000000000800109a                adc_start_conversion_regular
 .text.adc_power_on
                0x00000000080010ae        0xa ./libopencm3//lib/libopencm3_stm32f4.a(adc_common_v1_multi.o)
                0x00000000080010ae                adc_power_on
 .text.adc_disable_external_trigger_regular
                0x00000000080010b8        0xa ./libopencm3//lib/libopencm3_stm32f4.a(adc_common_v1_multi.o)
                0x00000000080010b8                adc_disable_external_trigger_regular
 .text.adc_set_sample_time_on_all_channels
                0x00000000080010c2       0x2a ./libopencm3//lib/libopencm3_stm32f4.a(adc_common_f47.o)
                0x00000000080010c2                adc_set_sample_time_on_all_channels
 .text.sdram_timing
                0x00000000080010ec       0x4e ./libopencm3//lib/libopencm3_stm32f4.a(fmc_common_f47.o)
                0x00000000080010ec                sdram_timing
 *fill*         0x000000000800113a        0x2 
 .text.sdram_command
                0x000000000800113c       0x64 ./libopencm3//lib/libopencm3_stm32f4.a(fmc_common_f47.o)
                0x000000000800113c                sdram_command
 .text.gpio_set
                0x00000000080011a0        0x4 ./libopencm3//lib/libopencm3_stm32f4.a(gpio_common_all.o)
                0x00000000080011a0                gpio_set
 .text.gpio_clear
                0x00000000080011a4        0x6 ./libopencm3//lib/libopencm3_stm32f4.a(gpio_common_all.o)
                0x00000000080011a4                gpio_clear
 .text.gpio_get
                0x00000000080011aa        0x6 ./libopencm3//lib/libopencm3_stm32f4.a(gpio_common_all.o)
                0x00000000080011aa                gpio_get
 .text.gpio_toggle
                0x00000000080011b0       0x12 ./libopencm3//lib/libopencm3_stm32f4.a(gpio_common_all.o)
                0x00000000080011b0                gpio_toggle
 .text.gpio_mode_setup
                0x00000000080011c2       0x40 ./libopencm3//lib/libopencm3_stm32f4.a(gpio_common_f0234.o)
                0x00000000080011c2                gpio_mode_setup
 .text.gpio_set_output_options
                0x0000000008001202       0x36 ./libopencm3//lib/libopencm3_stm32f4.a(gpio_common_f0234.o)
                0x0000000008001202                gpio_set_output_options
 .text.gpio_set_af
                0x0000000008001238       0x54 ./libopencm3//lib/libopencm3_stm32f4.a(gpio_common_f0234.o)
                0x0000000008001238                gpio_set_af
 .text.rcc_periph_clock_enable
                0x000000000800128c       0x1c ./libopencm3//lib/libopencm3_stm32f4.a(rcc_common_all.o)
                0x000000000800128c                rcc_periph_clock_enable
 .text.rcc_is_osc_ready
                0x00000000080012a8       0x5c ./libopencm3//lib/libopencm3_stm32f4.a(rcc.o)
                0x00000000080012a8                rcc_is_osc_ready
 .text.rcc_wait_for_osc_ready
                0x0000000008001304       0x10 ./libopencm3//lib/libopencm3_stm32f4.a(rcc.o)
                0x0000000008001304                rcc_wait_for_osc_ready
 .text.rcc_osc_on
                0x0000000008001314       0x58 ./libopencm3//lib/libopencm3_stm32f4.a(rcc.o)
                0x0000000008001314                rcc_osc_on
 .text.rcc_osc_off
                0x000000000800136c       0x58 ./libopencm3//lib/libopencm3_stm32f4.a(rcc.o)
                0x000000000800136c                rcc_osc_off
 .text.rcc_set_sysclk_source
                0x00000000080013c4       0x14 ./libopencm3//lib/libopencm3_stm32f4.a(rcc.o)
                0x00000000080013c4                rcc_set_sysclk_source
 .text.rcc_set_ppre2
                0x00000000080013d8       0x14 ./libopencm3//lib/libopencm3_stm32f4.a(rcc.o)
                0x00000000080013d8                rcc_set_ppre2
 .text.rcc_set_ppre1
                0x00000000080013ec       0x14 ./libopencm3//lib/libopencm3_stm32f4.a(rcc.o)
                0x00000000080013ec                rcc_set_ppre1
 .text.rcc_set_hpre
                0x0000000008001400       0x14 ./libopencm3//lib/libopencm3_stm32f4.a(rcc.o)
                0x0000000008001400                rcc_set_hpre
 .text.rcc_set_main_pll_hsi
                0x0000000008001414       0x44 ./libopencm3//lib/libopencm3_stm32f4.a(rcc.o)
                0x0000000008001414                rcc_set_main_pll_hsi
 .text.rcc_set_main_pll_hse
                0x0000000008001458       0x44 ./libopencm3//lib/libopencm3_stm32f4.a(rcc.o)
                0x0000000008001458                rcc_set_main_pll_hse
 .text.rcc_clock_setup_pll
                0x000000000800149c       0xf4 ./libopencm3//lib/libopencm3_stm32f4.a(rcc.o)
                0x000000000800149c                rcc_clock_setup_pll
 .text.rcc_get_usart_clk_freq
                0x0000000008001590       0x20 ./libopencm3//lib/libopencm3_stm32f4.a(rcc.o)
                0x0000000008001590                rcc_get_usart_clk_freq
 .text.spi_enable
                0x00000000080015b0        0xa ./libopencm3//lib/libopencm3_stm32f4.a(spi_common_all.o)
                0x00000000080015b0                spi_enable
 .text.spi_send
                0x00000000080015ba        0xa ./libopencm3//lib/libopencm3_stm32f4.a(spi_common_all.o)
                0x00000000080015ba                spi_send
 .text.spi_read
                0x00000000080015c4        0xc ./libopencm3//lib/libopencm3_stm32f4.a(spi_common_all.o)
                0x00000000080015c4                spi_read
 .text.spi_xfer
                0x00000000080015d0        0xe ./libopencm3//lib/libopencm3_stm32f4.a(spi_common_all.o)
                0x00000000080015d0                spi_xfer
 .text.spi_set_unidirectional_mode
                0x00000000080015de        0xa ./libopencm3//lib/libopencm3_stm32f4.a(spi_common_all.o)
                0x00000000080015de                spi_set_unidirectional_mode
 .text.spi_set_full_duplex_mode
                0x00000000080015e8        0xa ./libopencm3//lib/libopencm3_stm32f4.a(spi_common_all.o)
                0x00000000080015e8                spi_set_full_duplex_mode
 .text.spi_enable_software_slave_management
                0x00000000080015f2       0x12 ./libopencm3//lib/libopencm3_stm32f4.a(spi_common_all.o)
                0x00000000080015f2                spi_enable_software_slave_management
 .text.spi_set_nss_high
                0x0000000008001604        0xa ./libopencm3//lib/libopencm3_stm32f4.a(spi_common_all.o)
                0x0000000008001604                spi_set_nss_high
 .text.spi_send_msb_first
                0x000000000800160e        0xa ./libopencm3//lib/libopencm3_stm32f4.a(spi_common_all.o)
                0x000000000800160e                spi_send_msb_first
 .text.spi_set_baudrate_prescaler
                0x0000000008001618       0x16 ./libopencm3//lib/libopencm3_stm32f4.a(spi_common_all.o)
                0x0000000008001618                spi_set_baudrate_prescaler
 .text.spi_set_master_mode
                0x000000000800162e        0xa ./libopencm3//lib/libopencm3_stm32f4.a(spi_common_all.o)
                0x000000000800162e                spi_set_master_mode
 .text.spi_set_clock_polarity_0
                0x0000000008001638        0xa ./libopencm3//lib/libopencm3_stm32f4.a(spi_common_all.o)
                0x0000000008001638                spi_set_clock_polarity_0
 .text.spi_set_clock_phase_0
                0x0000000008001642        0xa ./libopencm3//lib/libopencm3_stm32f4.a(spi_common_all.o)
                0x0000000008001642                spi_set_clock_phase_0
 .text.spi_enable_ss_output
                0x000000000800164c        0xa ./libopencm3//lib/libopencm3_stm32f4.a(spi_common_all.o)
                0x000000000800164c                spi_enable_ss_output
 .text.spi_init_master
                0x0000000008001656       0x28 ./libopencm3//lib/libopencm3_stm32f4.a(spi_common_v1.o)
                0x0000000008001656                spi_init_master
 .text.usart_set_baudrate
                0x000000000800167e       0x16 ./libopencm3//lib/libopencm3_stm32f4.a(usart_common_all.o)
                0x000000000800167e                usart_set_baudrate
 .text.usart_set_databits
                0x0000000008001694       0x12 ./libopencm3//lib/libopencm3_stm32f4.a(usart_common_all.o)
                0x0000000008001694                usart_set_databits
 .text.usart_set_stopbits
                0x00000000080016a6        0xc ./libopencm3//lib/libopencm3_stm32f4.a(usart_common_all.o)
                0x00000000080016a6                usart_set_stopbits
 .text.usart_set_parity
                0x00000000080016b2        0xc ./libopencm3//lib/libopencm3_stm32f4.a(usart_common_all.o)
                0x00000000080016b2                usart_set_parity
 .text.usart_set_mode
                0x00000000080016be        0xc ./libopencm3//lib/libopencm3_stm32f4.a(usart_common_all.o)
                0x00000000080016be                usart_set_mode
 .text.usart_set_flow_control
                0x00000000080016ca        0xc ./libopencm3//lib/libopencm3_stm32f4.a(usart_common_all.o)
                0x00000000080016ca                usart_set_flow_control
 .text.usart_enable
                0x00000000080016d6        0xa ./libopencm3//lib/libopencm3_stm32f4.a(usart_common_all.o)
                0x00000000080016d6                usart_enable
 .text.usart_send_blocking
                0x00000000080016e0       0x18 ./libopencm3//lib/libopencm3_stm32f4.a(usart_common_all.o)
                0x00000000080016e0                usart_send_blocking
 .text.usart_enable_rx_interrupt
                0x00000000080016f8        0xa ./libopencm3//lib/libopencm3_stm32f4.a(usart_common_all.o)
                0x00000000080016f8                usart_enable_rx_interrupt
 .text.usart_send
                0x0000000008001702        0x8 ./libopencm3//lib/libopencm3_stm32f4.a(usart_common_f124.o)
                0x0000000008001702                usart_send
 .text.usart_wait_send_ready
                0x000000000800170a        0x8 ./libopencm3//lib/libopencm3_stm32f4.a(usart_common_f124.o)
                0x000000000800170a                usart_wait_send_ready
 .text.blocking_handler
                0x0000000008001712        0x2 ./libopencm3//lib/libopencm3_stm32f4.a(vector.o)
                0x0000000008001712                dma2_stream1_isr
                0x0000000008001712                tim8_brk_tim12_isr
                0x0000000008001712                dma1_stream7_isr
                0x0000000008001712                usart3_isr
                0x0000000008001712                tim7_isr
                0x0000000008001712                dma2d_isr
                0x0000000008001712                uart8_isr
                0x0000000008001712                dma1_stream2_isr
                0x0000000008001712                otg_hs_isr
                0x0000000008001712                blocking_handler
                0x0000000008001712                tim5_isr
                0x0000000008001712                rtc_wkup_isr
                0x0000000008001712                otg_fs_isr
                0x0000000008001712                spi1_isr
                0x0000000008001712                i2c3_er_isr
                0x0000000008001712                exti2_isr
                0x0000000008001712                spi5_isr
                0x0000000008001712                usb_fs_wkup_isr
                0x0000000008001712                tamp_stamp_isr
                0x0000000008001712                can1_rx1_isr
                0x0000000008001712                dma2_stream0_isr
                0x0000000008001712                i2c3_ev_isr
                0x0000000008001712                usage_fault_handler
                0x0000000008001712                can2_rx0_isr
                0x0000000008001712                dma1_stream6_isr
                0x0000000008001712                can2_rx1_isr
                0x0000000008001712                can1_sce_isr
                0x0000000008001712                tim1_cc_isr
                0x0000000008001712                can1_tx_isr
                0x0000000008001712                tim1_up_tim10_isr
                0x0000000008001712                sdio_isr
                0x0000000008001712                eth_isr
                0x0000000008001712                spi6_isr
                0x0000000008001712                dma2_stream5_isr
                0x0000000008001712                pvd_isr
                0x0000000008001712                can1_rx0_isr
                0x0000000008001712                rcc_isr
                0x0000000008001712                dma2_stream3_isr
                0x0000000008001712                flash_isr
                0x0000000008001712                uart4_isr
                0x0000000008001712                lcd_tft_isr
                0x0000000008001712                rtc_alarm_isr
                0x0000000008001712                exti15_10_isr
                0x0000000008001712                hash_rng_isr
                0x0000000008001712                tim1_trg_com_tim11_isr
                0x0000000008001712                hard_fault_handler
                0x0000000008001712                exti1_isr
                0x0000000008001712                i2c1_ev_isr
                0x0000000008001712                usart6_isr
                0x0000000008001712                spi2_isr
                0x0000000008001712                cryp_isr
                0x0000000008001712                nvic_wwdg_isr
                0x0000000008001712                dma1_stream1_isr
                0x0000000008001712                dma2_stream4_isr
                0x0000000008001712                exti3_isr
                0x0000000008001712                tim3_isr
                0x0000000008001712                usart2_isr
                0x0000000008001712                sai1_isr
                0x0000000008001712                fpu_isr
                0x0000000008001712                dma1_stream4_isr
                0x0000000008001712                i2c2_er_isr
                0x0000000008001712                i2c2_ev_isr
                0x0000000008001712                uart5_isr
                0x0000000008001712                dma2_stream6_isr
                0x0000000008001712                spi4_isr
                0x0000000008001712                adc_isr
                0x0000000008001712                dma2_stream7_isr
                0x0000000008001712                tim8_up_tim13_isr
                0x0000000008001712                fsmc_isr
                0x0000000008001712                exti4_isr
                0x0000000008001712                tim6_dac_isr
                0x0000000008001712                dma1_stream3_isr
                0x0000000008001712                tim8_trg_com_tim14_isr
                0x0000000008001712                mem_manage_handler
                0x0000000008001712                lcd_tft_err_isr
                0x0000000008001712                can2_tx_isr
                0x0000000008001712                exti9_5_isr
                0x0000000008001712                tim1_brk_tim9_isr
                0x0000000008001712                uart7_isr
                0x0000000008001712                can2_sce_isr
                0x0000000008001712                tim4_isr
                0x0000000008001712                otg_hs_wkup_isr
                0x0000000008001712                i2c1_er_isr
                0x0000000008001712                dma1_stream0_isr
                0x0000000008001712                tim8_cc_isr
                0x0000000008001712                dcmi_isr
                0x0000000008001712                dma2_stream2_isr
                0x0000000008001712                eth_wkup_isr
                0x0000000008001712                bus_fault_handler
                0x0000000008001712                otg_hs_ep1_out_isr
                0x0000000008001712                spi3_isr
                0x0000000008001712                dma1_stream5_isr
                0x0000000008001712                otg_hs_ep1_in_isr
                0x0000000008001712                tim2_isr
                0x0000000008001712                exti0_isr
 .text.null_handler
                0x0000000008001714        0x2 ./libopencm3//lib/libopencm3_stm32f4.a(vector.o)
                0x0000000008001714                null_handler
                0x0000000008001714                sv_call_handler
                0x0000000008001714                pend_sv_handler
                0x0000000008001714                debug_monitor_handler
                0x0000000008001714                nmi_handler
 *fill*         0x0000000008001716        0x2 
 .text.reset_handler
                0x0000000008001718       0x98 ./libopencm3//lib/libopencm3_stm32f4.a(vector.o)
                0x0000000008001718                reset_handler
 .text.systick_set_reload
                0x00000000080017b0       0x10 ./libopencm3//lib/libopencm3_stm32f4.a(systick.o)
                0x00000000080017b0                systick_set_reload
 .text.systick_set_clocksource
                0x00000000080017c0       0x18 ./libopencm3//lib/libopencm3_stm32f4.a(systick.o)
                0x00000000080017c0                systick_set_clocksource
 .text.systick_interrupt_enable
                0x00000000080017d8       0x10 ./libopencm3//lib/libopencm3_stm32f4.a(systick.o)
                0x00000000080017d8                systick_interrupt_enable
 .text.systick_counter_enable
                0x00000000080017e8       0x10 ./libopencm3//lib/libopencm3_stm32f4.a(systick.o)
                0x00000000080017e8                systick_counter_enable
 .text.scb_reset_system
                0x00000000080017f8       0x10 ./libopencm3//lib/libopencm3_stm32f4.a(scb.o)
                0x00000000080017f8                scb_reset_system
 .text.nvic_enable_irq
                0x0000000008001808       0x1c ./libopencm3//lib/libopencm3_stm32f4.a(nvic.o)
                0x0000000008001808                nvic_enable_irq
 .text.flash_set_ws
                0x0000000008001824       0x14 ./libopencm3//lib/libopencm3_stm32f4.a(flash_common_all.o)
                0x0000000008001824                flash_set_ws
 .text.flash_dcache_enable
                0x0000000008001838       0x10 ./libopencm3//lib/libopencm3_stm32f4.a(flash_common_idcache.o)
                0x0000000008001838                flash_dcache_enable
 .text.flash_dcache_disable
                0x0000000008001848       0x10 ./libopencm3//lib/libopencm3_stm32f4.a(flash_common_idcache.o)
                0x0000000008001848                flash_dcache_disable
 .text.flash_icache_enable
                0x0000000008001858       0x10 ./libopencm3//lib/libopencm3_stm32f4.a(flash_common_idcache.o)
                0x0000000008001858                flash_icache_enable
 .text.flash_icache_disable
                0x0000000008001868       0x10 ./libopencm3//lib/libopencm3_stm32f4.a(flash_common_idcache.o)
                0x0000000008001868                flash_icache_disable
 .text.pwr_set_vos_scale
                0x0000000008001878       0x18 ./libopencm3//lib/libopencm3_stm32f4.a(pwr.o)
                0x0000000008001878                pwr_set_vos_scale
 .text          0x0000000008001890       0x80 /usr/lib/gcc/arm-none-eabi/9.2.1/../../../arm-none-eabi/lib/thumb/v7e-m+fp/hard/libc.a(lib_a-sprintf.o)
                0x0000000008001890                _sprintf_r
                0x00000000080018cc                sprintf
 .text          0x0000000008001910     0x1498 /usr/lib/gcc/arm-none-eabi/9.2.1/../../../arm-none-eabi/lib/thumb/v7e-m+fp/hard/libc.a(lib_a-svfprintf.o)
                0x0000000008001910                _svfprintf_r
 .text          0x0000000008002da8      0xfc0 /usr/lib/gcc/arm-none-eabi/9.2.1/../../../arm-none-eabi/lib/thumb/v7e-m+fp/hard/libc.a(lib_a-dtoa.o)
                0x0000000008002ecc                _dtoa_r
 .text          0x0000000008003d68       0x14 /usr/lib/gcc/arm-none-eabi/9.2.1/../../../arm-none-eabi/lib/thumb/v7e-m+fp/hard/libc.a(lib_a-localeconv.o)
                0x0000000008003d68                __localeconv_l
                0x0000000008003d6c                _localeconv_r
                0x0000000008003d74                localeconv
 .text          0x0000000008003d7c      0x564 /usr/lib/gcc/arm-none-eabi/9.2.1/../../../arm-none-eabi/lib/thumb/v7e-m+fp/hard/libc.a(lib_a-mallocr.o)
                0x0000000008003d7c                _malloc_r
 .text          0x00000000080042e0       0xa0 /usr/lib/gcc/arm-none-eabi/9.2.1/../../../arm-none-eabi/lib/thumb/v7e-m+fp/hard/libc.a(lib_a-memchr.o)
                0x00000000080042e0                memchr
 .text          0x0000000008004380      0x134 /usr/lib/gcc/arm-none-eabi/9.2.1/../../../arm-none-eabi/lib/thumb/v7e-m+fp/hard/libc.a(lib_a-memcpy.o)
                0x0000000008004380                memcpy
 .text          0x00000000080044b4        0x8 /usr/lib/gcc/arm-none-eabi/9.2.1/../../../arm-none-eabi/lib/thumb/v7e-m+fp/hard/libc.a(lib_a-mlock.o)
                0x00000000080044b4                __malloc_lock
                0x00000000080044b8                __malloc_unlock
 .text          0x00000000080044bc      0x9a8 /usr/lib/gcc/arm-none-eabi/9.2.1/../../../arm-none-eabi/lib/thumb/v7e-m+fp/hard/libc.a(lib_a-mprec.o)
                0x00000000080044bc                _Balloc
                0x0000000008004508                _Bfree
                0x000000000800451c                __multadd
                0x00000000080045c0                __s2b
                0x000000000800466c                __hi0bits
                0x00000000080046ac                __lo0bits
                0x000000000800470c                __i2b
                0x0000000008004738                __multiply
                0x0000000008004884                __pow5mult
                0x000000000800491c                __lshift
                0x00000000080049e8                __mcmp
                0x0000000008004a20                __mdiff
                0x0000000008004b48                __ulp
                0x0000000008004b98                __b2d
                0x0000000008004c50                __d2b
                0x0000000008004d24                __ratio
                0x0000000008004d84                _mprec_log10
                0x0000000008004dc4                __copybits
                0x0000000008004e0c                __any_on
 .text          0x0000000008004e64       0x24 /usr/lib/gcc/arm-none-eabi/9.2.1/../../../arm-none-eabi/lib/thumb/v7e-m+fp/hard/libc.a(lib_a-sbrkr.o)
                0x0000000008004e64                _sbrk_r
 *fill*         0x0000000008004e88       0x38 
 .text          0x0000000008004ec0       0xdc /usr/lib/gcc/arm-none-eabi/9.2.1/../../../arm-none-eabi/lib/thumb/v7e-m+fp/hard/libc.a(lib_a-strlen.o)
                0x0000000008004ec0                strlen
 .text          0x0000000008004f9c      0xb64 /usr/lib/gcc/arm-none-eabi/9.2.1/../../../arm-none-eabi/lib/thumb/v7e-m+fp/hard/libc.a(lib_a-svfiprintf.o)
                0x0000000008004f9c                __ssprint_r
                0x0000000008005094                _svfiprintf_r
 .text          0x0000000008005b00       0x48 /usr/lib/gcc/arm-none-eabi/9.2.1/../../../arm-none-eabi/lib/thumb/v7e-m+fp/hard/libc.a(lib_a-assert.o)
                0x0000000008005b00                __assert_func
                0x0000000008005b3c                __assert
 .text          0x0000000008005b48       0x60 /usr/lib/gcc/arm-none-eabi/9.2.1/../../../arm-none-eabi/lib/thumb/v7e-m+fp/hard/libc.a(lib_a-callocr.o)
                0x0000000008005b48                _calloc_r
 .text          0x0000000008005ba8       0x44 /usr/lib/gcc/arm-none-eabi/9.2.1/../../../arm-none-eabi/lib/thumb/v7e-m+fp/hard/libc.a(lib_a-fiprintf.o)
                0x0000000008005ba8                _fiprintf_r
                0x0000000008005bc4                fiprintf
 .text          0x0000000008005bec      0x294 /usr/lib/gcc/arm-none-eabi/9.2.1/../../../arm-none-eabi/lib/thumb/v7e-m+fp/hard/libc.a(lib_a-freer.o)
                0x0000000008005bec                _malloc_trim_r
                0x0000000008005c8c                _free_r
 .text          0x0000000008005e80       0x5c /usr/lib/gcc/arm-none-eabi/9.2.1/../../../arm-none-eabi/lib/thumb/v7e-m+fp/hard/libc.a(lib_a-locale.o)
                0x0000000008005e80                _setlocale_r
                0x0000000008005ec0                __locale_mb_cur_max
                0x0000000008005ecc                setlocale
 .text          0x0000000008005edc       0x40 /usr/lib/gcc/arm-none-eabi/9.2.1/../../../arm-none-eabi/lib/thumb/v7e-m+fp/hard/libc.a(lib_a-mbtowc_r.o)
                0x0000000008005edc                _mbtowc_r
                0x0000000008005ef0                __ascii_mbtowc
 .text          0x0000000008005f1c       0xd0 /usr/lib/gcc/arm-none-eabi/9.2.1/../../../arm-none-eabi/lib/thumb/v7e-m+fp/hard/libc.a(lib_a-memmove.o)
                0x0000000008005f1c                memmove
 .text          0x0000000008005fec       0xa0 /usr/lib/gcc/arm-none-eabi/9.2.1/../../../arm-none-eabi/lib/thumb/v7e-m+fp/hard/libc.a(lib_a-memset.o)
                0x0000000008005fec                memset
 .text          0x000000000800608c      0x36c /usr/lib/gcc/arm-none-eabi/9.2.1/../../../arm-none-eabi/lib/thumb/v7e-m+fp/hard/libc.a(lib_a-reallocr.o)
                0x000000000800608c                _realloc_r
 *fill*         0x00000000080063f8        0x8 
 .text          0x0000000008006400      0x2dc /usr/lib/gcc/arm-none-eabi/9.2.1/../../../arm-none-eabi/lib/thumb/v7e-m+fp/hard/libc.a(lib_a-strcmp.o)
                0x0000000008006408                strcmp
 .text          0x00000000080066dc      0xd00 /usr/lib/gcc/arm-none-eabi/9.2.1/../../../arm-none-eabi/lib/thumb/v7e-m+fp/hard/libc.a(lib_a-vfiprintf.o)
                0x0000000008006754                __sprint_r
                0x0000000008006768                _vfiprintf_r
                0x0000000008007358                vfiprintf
 .text          0x00000000080073dc       0x30 /usr/lib/gcc/arm-none-eabi/9.2.1/../../../arm-none-eabi/lib/thumb/v7e-m+fp/hard/libc.a(lib_a-wctomb_r.o)
                0x00000000080073dc                _wctomb_r
                0x00000000080073f0                __ascii_wctomb
 .text          0x000000000800740c       0xd0 /usr/lib/gcc/arm-none-eabi/9.2.1/../../../arm-none-eabi/lib/thumb/v7e-m+fp/hard/libc.a(lib_a-wsetup.o)
                0x000000000800740c                __swsetup_r
 .text          0x00000000080074dc       0x10 /usr/lib/gcc/arm-none-eabi/9.2.1/../../../arm-none-eabi/lib/thumb/v7e-m+fp/hard/libc.a(lib_a-abort.o)
                0x00000000080074dc                abort
 .text          0x00000000080074ec      0x1a4 /usr/lib/gcc/arm-none-eabi/9.2.1/../../../arm-none-eabi/lib/thumb/v7e-m+fp/hard/libc.a(lib_a-fflush.o)
                0x00000000080074ec                __sflush_r
                0x0000000008007638                _fflush_r
                0x000000000800766c                fflush
 .text          0x0000000008007690      0x1f4 /usr/lib/gcc/arm-none-eabi/9.2.1/../../../arm-none-eabi/lib/thumb/v7e-m+fp/hard/libc.a(lib_a-findfp.o)
                0x0000000008007694                _cleanup_r
                0x0000000008007778                __sfmoreglue
                0x00000000080077a8                __sfp
                0x0000000008007830                _cleanup
                0x0000000008007844                __sinit
                0x000000000800784c                __sfp_lock_acquire
                0x0000000008007850                __sfp_lock_release
                0x0000000008007854                __sinit_lock_acquire
                0x0000000008007858                __sinit_lock_release
                0x000000000800785c                __fp_lock_all
                0x0000000008007870                __fp_unlock_all
 .text          0x0000000008007884      0x110 /usr/lib/gcc/arm-none-eabi/9.2.1/../../../arm-none-eabi/lib/thumb/v7e-m+fp/hard/libc.a(lib_a-fputwc.o)
                0x0000000008007884                __fputwc
                0x000000000800792c                _fputwc_r
                0x0000000008007954                fputwc
 .text          0x0000000008007994      0x308 /usr/lib/gcc/arm-none-eabi/9.2.1/../../../arm-none-eabi/lib/thumb/v7e-m+fp/hard/libc.a(lib_a-fvwrite.o)
                0x0000000008007994                __sfvwrite_r
 .text          0x0000000008007c9c       0xa0 /usr/lib/gcc/arm-none-eabi/9.2.1/../../../arm-none-eabi/lib/thumb/v7e-m+fp/hard/libc.a(lib_a-fwalk.o)
                0x0000000008007c9c                _fwalk
                0x0000000008007ce8                _fwalk_reent
 .text          0x0000000008007d3c       0xf0 /usr/lib/gcc/arm-none-eabi/9.2.1/../../../arm-none-eabi/lib/thumb/v7e-m+fp/hard/libc.a(lib_a-makebuf.o)
                0x0000000008007d3c                __swhatbuf_r
                0x0000000008007d98                __smakebuf_r
 .text          0x0000000008007e2c      0x15c /usr/lib/gcc/arm-none-eabi/9.2.1/../../../arm-none-eabi/lib/thumb/v7e-m+fp/hard/libc.a(lib_a-signal.o)
                0x0000000008007e54                _init_signal_r
                0x0000000008007e60                _signal_r
                0x0000000008007e98                _raise_r
                0x0000000008007ef0                __sigtramp_r
                0x0000000008007f44                raise
                0x0000000008007f54                signal
                0x0000000008007f64                _init_signal
                0x0000000008007f78                __sigtramp
 .text          0x0000000008007f88       0x2c /usr/lib/gcc/arm-none-eabi/9.2.1/../../../arm-none-eabi/lib/thumb/v7e-m+fp/hard/libc.a(lib_a-signalr.o)
                0x0000000008007f88                _kill_r
                0x0000000008007fb0                _getpid_r
 .text          0x0000000008007fb4       0x90 /usr/lib/gcc/arm-none-eabi/9.2.1/../../../arm-none-eabi/lib/thumb/v7e-m+fp/hard/libc.a(lib_a-stdio.o)
                0x0000000008007fb4                __sread
                0x0000000008007fd8                __seofread
                0x0000000008007fdc                __swrite
                0x000000000800801c                __sseek
                0x000000000800803c                __sclose
 .text          0x0000000008008044       0xc0 /usr/lib/gcc/arm-none-eabi/9.2.1/../../../arm-none-eabi/lib/thumb/v7e-m+fp/hard/libc.a(lib_a-wbuf.o)
                0x0000000008008044                __swbuf_r
                0x00000000080080f4                __swbuf
 .text          0x0000000008008104       0x7c /usr/lib/gcc/arm-none-eabi/9.2.1/../../../arm-none-eabi/lib/thumb/v7e-m+fp/hard/libc.a(lib_a-wcrtomb.o)
                0x0000000008008104                _wcrtomb_r
                0x0000000008008138                wcrtomb
 .text          0x0000000008008180       0x2c /usr/lib/gcc/arm-none-eabi/9.2.1/../../../arm-none-eabi/lib/thumb/v7e-m+fp/hard/libc.a(lib_a-writer.o)
                0x0000000008008180                _write_r
 .text          0x00000000080081ac       0x24 /usr/lib/gcc/arm-none-eabi/9.2.1/../../../arm-none-eabi/lib/thumb/v7e-m+fp/hard/libc.a(lib_a-closer.o)
                0x00000000080081ac                _close_r
 .text          0x00000000080081d0       0x98 /usr/lib/gcc/arm-none-eabi/9.2.1/../../../arm-none-eabi/lib/thumb/v7e-m+fp/hard/libc.a(lib_a-fclose.o)
                0x00000000080081d0                _fclose_r
                0x0000000008008258                fclose
 .text          0x0000000008008268       0x28 /usr/lib/gcc/arm-none-eabi/9.2.1/../../../arm-none-eabi/lib/thumb/v7e-m+fp/hard/libc.a(lib_a-fstatr.o)
                0x0000000008008268                _fstat_r
 .text          0x0000000008008290       0x24 /usr/lib/gcc/arm-none-eabi/9.2.1/../../../arm-none-eabi/lib/thumb/v7e-m+fp/hard/libc.a(lib_a-isattyr.o)
                0x0000000008008290                _isatty_r
 .text          0x00000000080082b4       0x2c /usr/lib/gcc/arm-none-eabi/9.2.1/../../../arm-none-eabi/lib/thumb/v7e-m+fp/hard/libc.a(lib_a-lseekr.o)
                0x00000000080082b4                _lseek_r
 .text          0x00000000080082e0       0x2c /usr/lib/gcc/arm-none-eabi/9.2.1/../../../arm-none-eabi/lib/thumb/v7e-m+fp/hard/libc.a(lib_a-readr.o)
                0x00000000080082e0                _read_r
 .text          0x000000000800830c      0x378 /usr/lib/gcc/arm-none-eabi/9.2.1/thumb/v7e-m+fp/hard/libgcc.a(_arm_addsubdf3.o)
                0x000000000800830c                __aeabi_drsub
                0x0000000008008314                __aeabi_dsub
                0x0000000008008314                __subdf3
                0x0000000008008318                __adddf3
                0x0000000008008318                __aeabi_dadd
                0x0000000008008590                __aeabi_ui2d
                0x0000000008008590                __floatunsidf
                0x00000000080085b0                __floatsidf
                0x00000000080085b0                __aeabi_i2d
                0x00000000080085d4                __extendsfdf2
                0x00000000080085d4                __aeabi_f2d
                0x0000000008008618                __aeabi_ul2d
                0x0000000008008618                __floatundidf
                0x0000000008008628                __floatdidf
                0x0000000008008628                __aeabi_l2d
 .text          0x0000000008008684      0x424 /usr/lib/gcc/arm-none-eabi/9.2.1/thumb/v7e-m+fp/hard/libgcc.a(_arm_muldivdf3.o)
                0x0000000008008684                __aeabi_dmul
                0x0000000008008684                __muldf3
                0x00000000080088d8                __aeabi_ddiv
                0x00000000080088d8                __divdf3
 .text          0x0000000008008aa8      0x110 /usr/lib/gcc/arm-none-eabi/9.2.1/thumb/v7e-m+fp/hard/libgcc.a(_arm_cmpdf2.o)
                0x0000000008008aa8                __gtdf2
                0x0000000008008aa8                __gedf2
                0x0000000008008ab0                __ltdf2
                0x0000000008008ab0                __ledf2
                0x0000000008008ab8                __cmpdf2
                0x0000000008008ab8                __eqdf2
                0x0000000008008ab8                __nedf2
                0x0000000008008b34                __aeabi_cdrcmple
                0x0000000008008b44                __aeabi_cdcmple
                0x0000000008008b44                __aeabi_cdcmpeq
                0x0000000008008b54                __aeabi_dcmpeq
                0x0000000008008b68                __aeabi_dcmplt
                0x0000000008008b7c                __aeabi_dcmple
                0x0000000008008b90                __aeabi_dcmpge
                0x0000000008008ba4                __aeabi_dcmpgt
 .text          0x0000000008008bb8       0x2c /usr/lib/gcc/arm-none-eabi/9.2.1/thumb/v7e-m+fp/hard/libgcc.a(_arm_unorddf2.o)
                0x0000000008008bb8                __aeabi_dcmpun
                0x0000000008008bb8                __unorddf2
 .text          0x0000000008008be4       0x50 /usr/lib/gcc/arm-none-eabi/9.2.1/thumb/v7e-m+fp/hard/libgcc.a(_arm_fixdfsi.o)
                0x0000000008008be4                __fixdfsi
                0x0000000008008be4                __aeabi_d2iz
 .text          0x0000000008008c34       0x30 /usr/lib/gcc/arm-none-eabi/9.2.1/thumb/v7e-m+fp/hard/libgcc.a(_aeabi_uldivmod.o)
                0x0000000008008c34                __aeabi_uldivmod
 .text          0x0000000008008c64      0x2c4 /usr/lib/gcc/arm-none-eabi/9.2.1/thumb/v7e-m+fp/hard/libgcc.a(_udivmoddi4.o)
                0x0000000008008c64                __udivmoddi4
 .text          0x0000000008008f28        0x4 /usr/lib/gcc/arm-none-eabi/9.2.1/thumb/v7e-m+fp/hard/libgcc.a(_dvmd_tls.o)
                0x0000000008008f28                __aeabi_ldiv0
                0x0000000008008f28                __aeabi_idiv0
 .text          0x0000000008008f2c       0x10 /usr/lib/gcc/arm-none-eabi/9.2.1/../../../arm-none-eabi/lib/thumb/v7e-m+fp/hard/libnosys.a(close.o)
                0x0000000008008f2c                _close
 .text          0x0000000008008f3c       0x10 /usr/lib/gcc/arm-none-eabi/9.2.1/../../../arm-none-eabi/lib/thumb/v7e-m+fp/hard/libnosys.a(fstat.o)
                0x0000000008008f3c                _fstat
 .text          0x0000000008008f4c       0x10 /usr/lib/gcc/arm-none-eabi/9.2.1/../../../arm-none-eabi/lib/thumb/v7e-m+fp/hard/libnosys.a(getpid.o)
                0x0000000008008f4c                _getpid
 .text          0x0000000008008f5c       0x10 /usr/lib/gcc/arm-none-eabi/9.2.1/../../../arm-none-eabi/lib/thumb/v7e-m+fp/hard/libnosys.a(isatty.o)
                0x0000000008008f5c                _isatty
 .text          0x0000000008008f6c       0x10 /usr/lib/gcc/arm-none-eabi/9.2.1/../../../arm-none-eabi/lib/thumb/v7e-m+fp/hard/libnosys.a(kill.o)
                0x0000000008008f6c                _kill
 .text          0x0000000008008f7c       0x10 /usr/lib/gcc/arm-none-eabi/9.2.1/../../../arm-none-eabi/lib/thumb/v7e-m+fp/hard/libnosys.a(lseek.o)
                0x0000000008008f7c                _lseek
 .text          0x0000000008008f8c       0x10 /usr/lib/gcc/arm-none-eabi/9.2.1/../../../arm-none-eabi/lib/thumb/v7e-m+fp/hard/libnosys.a(read.o)
                0x0000000008008f8c                _read
 .text          0x0000000008008f9c       0x1c /usr/lib/gcc/arm-none-eabi/9.2.1/../../../arm-none-eabi/lib/thumb/v7e-m+fp/hard/libnosys.a(sbrk.o)
                0x0000000008008f9c                _sbrk
 .text          0x0000000008008fb8       0x10 /usr/lib/gcc/arm-none-eabi/9.2.1/../../../arm-none-eabi/lib/thumb/v7e-m+fp/hard/libnosys.a(write.o)
                0x0000000008008fb8                _write
 .text          0x0000000008008fc8        0x4 /usr/lib/gcc/arm-none-eabi/9.2.1/../../../arm-none-eabi/lib/thumb/v7e-m+fp/hard/libnosys.a(_exit.o)
                0x0000000008008fc8                _exit
                0x0000000008008fcc                . = ALIGN (0x4)
 *(.rodata*)
 .rodata.sdram_pins
                0x0000000008008fcc       0x30 sdram.o
 .rodata.print_hex.str1.1
                0x0000000008008ffc        0x3 lcd-spi.o
 .rodata.lcd_spi_init.str1.1
                0x0000000008008fff       0x62 lcd-spi.o
 .rodata.cmd_args
                0x0000000008009061       0x3a lcd-spi.o
 *fill*         0x000000000800909b        0x1 
 .rodata.initialization
                0x000000000800909c       0x50 lcd-spi.o
                0x000000000800909c                initialization
 .rodata.mcm_font
                0x00000000080090ec      0x480 gfx.o
 .rodata.main.str1.1
                0x000000000800956c       0x54 sismografo.o
 .rodata.CSWTCH.2
                0x00000000080095c0        0x3 ./libopencm3//lib/libopencm3_stm32f4.a(fmc_common_f47.o)
 *fill*         0x00000000080095c3        0x1 
 .rodata.rcc_hse_8mhz_3v3
                0x00000000080095c4       0x70 ./libopencm3//lib/libopencm3_stm32f4.a(rcc.o)
                0x00000000080095c4                rcc_hse_8mhz_3v3
 .rodata        0x0000000008009634       0x20 /usr/lib/gcc/arm-none-eabi/9.2.1/../../../arm-none-eabi/lib/thumb/v7e-m+fp/hard/libc.a(lib_a-svfprintf.o)
 .rodata.str1.4
                0x0000000008009654       0x42 /usr/lib/gcc/arm-none-eabi/9.2.1/../../../arm-none-eabi/lib/thumb/v7e-m+fp/hard/libc.a(lib_a-svfprintf.o)
 *fill*         0x0000000008009696        0x2 
 .rodata.str1.4
                0x0000000008009698       0x56 /usr/lib/gcc/arm-none-eabi/9.2.1/../../../arm-none-eabi/lib/thumb/v7e-m+fp/hard/libc.a(lib_a-dtoa.o)
                                         0x5a (size before relaxing)
 *fill*         0x00000000080096ee        0x2 
 .rodata        0x00000000080096f0        0x4 /usr/lib/gcc/arm-none-eabi/9.2.1/../../../arm-none-eabi/lib/thumb/v7e-m+fp/hard/libc.a(lib_a-impure.o)
                0x00000000080096f0                _global_impure_ptr
 *fill*         0x00000000080096f4        0x4 
 .rodata        0x00000000080096f8      0x128 /usr/lib/gcc/arm-none-eabi/9.2.1/../../../arm-none-eabi/lib/thumb/v7e-m+fp/hard/libc.a(lib_a-mprec.o)
                0x0000000008009708                __mprec_tens
                0x00000000080097d0                __mprec_tinytens
                0x00000000080097f8                __mprec_bigtens
 .rodata.str1.4
                0x0000000008009820       0x33 /usr/lib/gcc/arm-none-eabi/9.2.1/../../../arm-none-eabi/lib/thumb/v7e-m+fp/hard/libc.a(lib_a-mprec.o)
                                         0x47 (size before relaxing)
 *fill*         0x0000000008009853        0x1 
 .rodata        0x0000000008009854       0x20 /usr/lib/gcc/arm-none-eabi/9.2.1/../../../arm-none-eabi/lib/thumb/v7e-m+fp/hard/libc.a(lib_a-svfiprintf.o)
 .rodata.str1.4
                0x0000000008009874       0x2f /usr/lib/gcc/arm-none-eabi/9.2.1/../../../arm-none-eabi/lib/thumb/v7e-m+fp/hard/libc.a(lib_a-svfiprintf.o)
 .rodata.str1.4
                0x0000000008009874       0x3f /usr/lib/gcc/arm-none-eabi/9.2.1/../../../arm-none-eabi/lib/thumb/v7e-m+fp/hard/libc.a(lib_a-assert.o)
                                         0x43 (size before relaxing)
 *fill*         0x00000000080098b3        0x1 
 .rodata.str1.4
                0x00000000080098b4        0xe /usr/lib/gcc/arm-none-eabi/9.2.1/../../../arm-none-eabi/lib/thumb/v7e-m+fp/hard/libc.a(lib_a-locale.o)
                                         0x12 (size before relaxing)
 *fill*         0x00000000080098c2        0x2 
 .rodata        0x00000000080098c4       0x20 /usr/lib/gcc/arm-none-eabi/9.2.1/../../../arm-none-eabi/lib/thumb/v7e-m+fp/hard/libc.a(lib_a-vfiprintf.o)
 .rodata.str1.4
                0x00000000080098e4       0x2f /usr/lib/gcc/arm-none-eabi/9.2.1/../../../arm-none-eabi/lib/thumb/v7e-m+fp/hard/libc.a(lib_a-vfiprintf.o)
 .rodata        0x00000000080098e4      0x101 /usr/lib/gcc/arm-none-eabi/9.2.1/../../../arm-none-eabi/lib/thumb/v7e-m+fp/hard/libc.a(lib_a-ctype_.o)
                0x00000000080098e4                _ctype_
                0x00000000080099e8                . = ALIGN (0x4)
 *fill*         0x00000000080099e5        0x3 

.glue_7         0x00000000080099e8        0x0
 .glue_7        0x00000000080099e8        0x0 linker stubs

.glue_7t        0x00000000080099e8        0x0
 .glue_7t       0x00000000080099e8        0x0 linker stubs

.vfp11_veneer   0x00000000080099e8        0x0
 .vfp11_veneer  0x00000000080099e8        0x0 linker stubs

.v4_bx          0x00000000080099e8        0x0
 .v4_bx         0x00000000080099e8        0x0 linker stubs

.iplt           0x00000000080099e8        0x0
 .iplt          0x00000000080099e8        0x0 sdram.o

.preinit_array  0x00000000080099e8        0x0
                0x00000000080099e8                . = ALIGN (0x4)
                0x00000000080099e8                __preinit_array_start = .
 *(.preinit_array)
                0x00000000080099e8                __preinit_array_end = .

.init_array     0x00000000080099e8        0x0
                0x00000000080099e8                . = ALIGN (0x4)
                0x00000000080099e8                __init_array_start = .
 *(SORT_BY_NAME(.init_array.*))
 *(.init_array)
                0x00000000080099e8                __init_array_end = .

.fini_array     0x00000000080099e8        0x0
                0x00000000080099e8                . = ALIGN (0x4)
                0x00000000080099e8                __fini_array_start = .
 *(.fini_array)
 *(SORT_BY_NAME(.fini_array.*))
                0x00000000080099e8                __fini_array_end = .

.ARM.extab
 *(.ARM.extab*)

.ARM.exidx      0x00000000080099e8        0x8
                0x00000000080099e8                __exidx_start = .
 *(.ARM.exidx*)
 .ARM.exidx     0x00000000080099e8        0x8 /usr/lib/gcc/arm-none-eabi/9.2.1/thumb/v7e-m+fp/hard/libgcc.a(_udivmoddi4.o)
                0x00000000080099f0                __exidx_end = .

.rel.dyn        0x00000000080099f0        0x0
 .rel.iplt      0x00000000080099f0        0x0 sdram.o
                0x00000000080099f0                . = ALIGN (0x4)
                0x00000000080099f0                _etext = .

.noinit
 *(.noinit*)
                0x00000000080099f0                . = ALIGN (0x4)

.data           0x0000000020000000      0x9d4 load address 0x00000000080099f0
                0x0000000020000000                _data = .
 *(.data*)
 .data.timing   0x0000000020000000       0x1c sdram.o
 .data.rcc_ahb_frequency
                0x000000002000001c        0x4 ./libopencm3//lib/libopencm3_stm32f4.a(rcc.o)
                0x000000002000001c                rcc_ahb_frequency
 .data.rcc_apb1_frequency
                0x0000000020000020        0x4 ./libopencm3//lib/libopencm3_stm32f4.a(rcc.o)
                0x0000000020000020                rcc_apb1_frequency
 .data.rcc_apb2_frequency
                0x0000000020000024        0x4 ./libopencm3//lib/libopencm3_stm32f4.a(rcc.o)
                0x0000000020000024                rcc_apb2_frequency
 .data          0x0000000020000028      0x430 /usr/lib/gcc/arm-none-eabi/9.2.1/../../../arm-none-eabi/lib/thumb/v7e-m+fp/hard/libc.a(lib_a-impure.o)
                0x0000000020000028                _impure_ptr
 .data          0x0000000020000458      0x410 /usr/lib/gcc/arm-none-eabi/9.2.1/../../../arm-none-eabi/lib/thumb/v7e-m+fp/hard/libc.a(lib_a-mallocr.o)
                0x0000000020000458                __malloc_av_
                0x0000000020000860                __malloc_sbrk_base
                0x0000000020000864                __malloc_trim_threshold
 .data          0x0000000020000868      0x16c /usr/lib/gcc/arm-none-eabi/9.2.1/../../../arm-none-eabi/lib/thumb/v7e-m+fp/hard/libc.a(lib_a-locale.o)
                0x0000000020000868                __global_locale
 *(.ramtext*)
                0x00000000200009d4                . = ALIGN (0x4)
                0x00000000200009d4                _edata = .
                0x00000000080099f0                _data_loadaddr = LOADADDR (.data)

.igot.plt       0x00000000200009d4        0x0 load address 0x000000000800a3c4
 .igot.plt      0x00000000200009d4        0x0 sdram.o

.bss            0x00000000200009d4       0xe8 load address 0x000000000800a3c4
 *(.bss*)
 .bss.system_millis
                0x00000000200009d4        0x4 clock.o
 .bss.recv_buf  0x00000000200009d8       0x80 console.o
                0x00000000200009d8                recv_buf
 .bss.recv_ndx_cur
                0x0000000020000a58        0x4 console.o
                0x0000000020000a58                recv_ndx_cur
 .bss.recv_ndx_nxt
                0x0000000020000a5c        0x4 console.o
                0x0000000020000a5c                recv_ndx_nxt
 .bss.cur_frame
                0x0000000020000a60        0x4 lcd-spi.o
                0x0000000020000a60                cur_frame
 .bss.display_frame
                0x0000000020000a64        0x4 lcd-spi.o
                0x0000000020000a64                display_frame
 .bss.__gfx_state
                0x0000000020000a68       0x14 gfx.o
                0x0000000020000a68                __gfx_state
 .bss.battery_voltage
                0x0000000020000a7c        0x4 sismografo.o
                0x0000000020000a7c                battery_voltage
 .bss           0x0000000020000a80       0x34 /usr/lib/gcc/arm-none-eabi/9.2.1/../../../arm-none-eabi/lib/thumb/v7e-m+fp/hard/libc.a(lib_a-mallocr.o)
                0x0000000020000a80                __malloc_top_pad
                0x0000000020000a84                __malloc_current_mallinfo
                0x0000000020000aac                __malloc_max_sbrked_mem
                0x0000000020000ab0                __malloc_max_total_mem
 .bss           0x0000000020000ab4        0x4 /usr/lib/gcc/arm-none-eabi/9.2.1/../../../arm-none-eabi/lib/thumb/v7e-m+fp/hard/libnosys.a(sbrk.o)
 *(COMMON)
 COMMON         0x0000000020000ab8        0x4 /usr/lib/gcc/arm-none-eabi/9.2.1/../../../arm-none-eabi/lib/thumb/v7e-m+fp/hard/libc.a(lib_a-reent.o)
                0x0000000020000ab8                errno
                0x0000000020000abc                . = ALIGN (0x4)
                0x0000000020000abc                _ebss = .

/DISCARD/
 *(.eh_frame)
                0x0000000020000abc                . = ALIGN (0x4)
                0x0000000020000abc                end = .
                0x0000000020030000                PROVIDE (_stack = (ORIGIN (ram) + LENGTH (ram)))
OUTPUT(sismografo.elf elf32-littlearm)
LOAD linker stubs

.debug_info     0x0000000000000000    0x3a18e
 .debug_info    0x0000000000000000      0xa04 sdram.o
 .debug_info    0x0000000000000a04      0x357 clock.o
 .debug_info    0x0000000000000d5b      0xacd console.o
 .debug_info    0x0000000000001828      0xecf lcd-spi.o
 .debug_info    0x00000000000026f7     0x20a2 gfx.o
 .debug_info    0x0000000000004799     0x2235 sismografo.o
 .debug_info    0x00000000000069ce      0x8c5 ./libopencm3//lib/libopencm3_stm32f4.a(adc_common_v1.o)
 .debug_info    0x0000000000007293      0x3c3 ./libopencm3//lib/libopencm3_stm32f4.a(adc_common_v1_multi.o)
 .debug_info    0x0000000000007656      0x187 ./libopencm3//lib/libopencm3_stm32f4.a(adc_common_f47.o)
 .debug_info    0x00000000000077dd      0x209 ./libopencm3//lib/libopencm3_stm32f4.a(fmc_common_f47.o)
 .debug_info    0x00000000000079e6      0x24e ./libopencm3//lib/libopencm3_stm32f4.a(gpio_common_all.o)
 .debug_info    0x0000000000007c34      0x20f ./libopencm3//lib/libopencm3_stm32f4.a(gpio_common_f0234.o)
 .debug_info    0x0000000000007e43      0xaca ./libopencm3//lib/libopencm3_stm32f4.a(rcc_common_all.o)
 .debug_info    0x000000000000890d     0x112b ./libopencm3//lib/libopencm3_stm32f4.a(rcc.o)
 .debug_info    0x0000000000009a38      0x996 ./libopencm3//lib/libopencm3_stm32f4.a(spi_common_all.o)
 .debug_info    0x000000000000a3ce      0x2f0 ./libopencm3//lib/libopencm3_stm32f4.a(spi_common_v1.o)
 .debug_info    0x000000000000a6be      0x814 ./libopencm3//lib/libopencm3_stm32f4.a(usart_common_all.o)
 .debug_info    0x000000000000aed2      0x30c ./libopencm3//lib/libopencm3_stm32f4.a(usart_common_f124.o)
 .debug_info    0x000000000000b1de      0x2e6 ./libopencm3//lib/libopencm3_stm32f4.a(vector.o)
 .debug_info    0x000000000000b4c4      0x268 ./libopencm3//lib/libopencm3_stm32f4.a(systick.o)
 .debug_info    0x000000000000b72c      0x962 ./libopencm3//lib/libopencm3_stm32f4.a(scb.o)
 .debug_info    0x000000000000c08e      0x22d ./libopencm3//lib/libopencm3_stm32f4.a(nvic.o)
 .debug_info    0x000000000000c2bb       0xf0 ./libopencm3//lib/libopencm3_stm32f4.a(flash_common_all.o)
 .debug_info    0x000000000000c3ab       0xe8 ./libopencm3//lib/libopencm3_stm32f4.a(flash_common_idcache.o)
 .debug_info    0x000000000000c493       0xdc ./libopencm3//lib/libopencm3_stm32f4.a(pwr.o)
 .debug_info    0x000000000000c56f      0xc90 /usr/lib/gcc/arm-none-eabi/9.2.1/../../../arm-none-eabi/lib/thumb/v7e-m+fp/hard/libc.a(lib_a-sprintf.o)
 .debug_info    0x000000000000d1ff     0x1ebd /usr/lib/gcc/arm-none-eabi/9.2.1/../../../arm-none-eabi/lib/thumb/v7e-m+fp/hard/libc.a(lib_a-svfprintf.o)
 .debug_info    0x000000000000f0bc     0x1acf /usr/lib/gcc/arm-none-eabi/9.2.1/../../../arm-none-eabi/lib/thumb/v7e-m+fp/hard/libc.a(lib_a-dtoa.o)
 .debug_info    0x0000000000010b8b      0x92a /usr/lib/gcc/arm-none-eabi/9.2.1/../../../arm-none-eabi/lib/thumb/v7e-m+fp/hard/libc.a(lib_a-impure.o)
 .debug_info    0x00000000000114b5      0xf49 /usr/lib/gcc/arm-none-eabi/9.2.1/../../../arm-none-eabi/lib/thumb/v7e-m+fp/hard/libc.a(lib_a-localeconv.o)
 .debug_info    0x00000000000123fe      0xf41 /usr/lib/gcc/arm-none-eabi/9.2.1/../../../arm-none-eabi/lib/thumb/v7e-m+fp/hard/libc.a(lib_a-mallocr.o)
 .debug_info    0x000000000001333f       0x26 /usr/lib/gcc/arm-none-eabi/9.2.1/../../../arm-none-eabi/lib/thumb/v7e-m+fp/hard/libc.a(lib_a-memchr.o)
 .debug_info    0x0000000000013365       0x26 /usr/lib/gcc/arm-none-eabi/9.2.1/../../../arm-none-eabi/lib/thumb/v7e-m+fp/hard/libc.a(lib_a-memcpy.o)
 .debug_info    0x000000000001338b      0x961 /usr/lib/gcc/arm-none-eabi/9.2.1/../../../arm-none-eabi/lib/thumb/v7e-m+fp/hard/libc.a(lib_a-mlock.o)
 .debug_info    0x0000000000013cec     0x228d /usr/lib/gcc/arm-none-eabi/9.2.1/../../../arm-none-eabi/lib/thumb/v7e-m+fp/hard/libc.a(lib_a-mprec.o)
 .debug_info    0x0000000000015f79      0x9fb /usr/lib/gcc/arm-none-eabi/9.2.1/../../../arm-none-eabi/lib/thumb/v7e-m+fp/hard/libc.a(lib_a-sbrkr.o)
 .debug_info    0x0000000000016974       0x26 /usr/lib/gcc/arm-none-eabi/9.2.1/../../../arm-none-eabi/lib/thumb/v7e-m+fp/hard/libc.a(lib_a-strlen.o)
 .debug_info    0x000000000001699a     0x18fe /usr/lib/gcc/arm-none-eabi/9.2.1/../../../arm-none-eabi/lib/thumb/v7e-m+fp/hard/libc.a(lib_a-svfiprintf.o)
 .debug_info    0x0000000000018298      0xa41 /usr/lib/gcc/arm-none-eabi/9.2.1/../../../arm-none-eabi/lib/thumb/v7e-m+fp/hard/libc.a(lib_a-assert.o)
 .debug_info    0x0000000000018cd9      0xc2f /usr/lib/gcc/arm-none-eabi/9.2.1/../../../arm-none-eabi/lib/thumb/v7e-m+fp/hard/libc.a(lib_a-callocr.o)
 .debug_info    0x0000000000019908      0xa71 /usr/lib/gcc/arm-none-eabi/9.2.1/../../../arm-none-eabi/lib/thumb/v7e-m+fp/hard/libc.a(lib_a-fiprintf.o)
 .debug_info    0x000000000001a379      0xdc4 /usr/lib/gcc/arm-none-eabi/9.2.1/../../../arm-none-eabi/lib/thumb/v7e-m+fp/hard/libc.a(lib_a-freer.o)
 .debug_info    0x000000000001b13d     0x10ca /usr/lib/gcc/arm-none-eabi/9.2.1/../../../arm-none-eabi/lib/thumb/v7e-m+fp/hard/libc.a(lib_a-locale.o)
 .debug_info    0x000000000001c207     0x1044 /usr/lib/gcc/arm-none-eabi/9.2.1/../../../arm-none-eabi/lib/thumb/v7e-m+fp/hard/libc.a(lib_a-mbtowc_r.o)
 .debug_info    0x000000000001d24b      0xf2b /usr/lib/gcc/arm-none-eabi/9.2.1/../../../arm-none-eabi/lib/thumb/v7e-m+fp/hard/libc.a(lib_a-memmove.o)
 .debug_info    0x000000000001e176      0xf21 /usr/lib/gcc/arm-none-eabi/9.2.1/../../../arm-none-eabi/lib/thumb/v7e-m+fp/hard/libc.a(lib_a-memset.o)
 .debug_info    0x000000000001f097      0xefd /usr/lib/gcc/arm-none-eabi/9.2.1/../../../arm-none-eabi/lib/thumb/v7e-m+fp/hard/libc.a(lib_a-reallocr.o)
 .debug_info    0x000000000001ff94      0xac5 /usr/lib/gcc/arm-none-eabi/9.2.1/../../../arm-none-eabi/lib/thumb/v7e-m+fp/hard/libc.a(lib_a-reent.o)
 .debug_info    0x0000000000020a59       0x26 /usr/lib/gcc/arm-none-eabi/9.2.1/../../../arm-none-eabi/lib/thumb/v7e-m+fp/hard/libc.a(lib_a-strcmp.o)
 .debug_info    0x0000000000020a7f     0x1eb6 /usr/lib/gcc/arm-none-eabi/9.2.1/../../../arm-none-eabi/lib/thumb/v7e-m+fp/hard/libc.a(lib_a-vfiprintf.o)
 .debug_info    0x0000000000022935      0xffd /usr/lib/gcc/arm-none-eabi/9.2.1/../../../arm-none-eabi/lib/thumb/v7e-m+fp/hard/libc.a(lib_a-wctomb_r.o)
 .debug_info    0x0000000000023932      0xbf3 /usr/lib/gcc/arm-none-eabi/9.2.1/../../../arm-none-eabi/lib/thumb/v7e-m+fp/hard/libc.a(lib_a-wsetup.o)
 .debug_info    0x0000000000024525      0x9b5 /usr/lib/gcc/arm-none-eabi/9.2.1/../../../arm-none-eabi/lib/thumb/v7e-m+fp/hard/libc.a(lib_a-abort.o)
 .debug_info    0x0000000000024eda      0xe91 /usr/lib/gcc/arm-none-eabi/9.2.1/../../../arm-none-eabi/lib/thumb/v7e-m+fp/hard/libc.a(lib_a-ctype_.o)
 .debug_info    0x0000000000025d6b      0xd73 /usr/lib/gcc/arm-none-eabi/9.2.1/../../../arm-none-eabi/lib/thumb/v7e-m+fp/hard/libc.a(lib_a-fflush.o)
 .debug_info    0x0000000000026ade     0x1143 /usr/lib/gcc/arm-none-eabi/9.2.1/../../../arm-none-eabi/lib/thumb/v7e-m+fp/hard/libc.a(lib_a-findfp.o)
 .debug_info    0x0000000000027c21      0xe4a /usr/lib/gcc/arm-none-eabi/9.2.1/../../../arm-none-eabi/lib/thumb/v7e-m+fp/hard/libc.a(lib_a-fputwc.o)
 .debug_info    0x0000000000028a6b      0xeed /usr/lib/gcc/arm-none-eabi/9.2.1/../../../arm-none-eabi/lib/thumb/v7e-m+fp/hard/libc.a(lib_a-fvwrite.o)
 .debug_info    0x0000000000029958      0xca4 /usr/lib/gcc/arm-none-eabi/9.2.1/../../../arm-none-eabi/lib/thumb/v7e-m+fp/hard/libc.a(lib_a-fwalk.o)
 .debug_info    0x000000000002a5fc      0xf69 /usr/lib/gcc/arm-none-eabi/9.2.1/../../../arm-none-eabi/lib/thumb/v7e-m+fp/hard/libc.a(lib_a-makebuf.o)
 .debug_info    0x000000000002b565      0xd5c /usr/lib/gcc/arm-none-eabi/9.2.1/../../../arm-none-eabi/lib/thumb/v7e-m+fp/hard/libc.a(lib_a-signal.o)
 .debug_info    0x000000000002c2c1      0xa44 /usr/lib/gcc/arm-none-eabi/9.2.1/../../../arm-none-eabi/lib/thumb/v7e-m+fp/hard/libc.a(lib_a-signalr.o)
 .debug_info    0x000000000002cd05      0xe67 /usr/lib/gcc/arm-none-eabi/9.2.1/../../../arm-none-eabi/lib/thumb/v7e-m+fp/hard/libc.a(lib_a-stdio.o)
 .debug_info    0x000000000002db6c      0xc90 /usr/lib/gcc/arm-none-eabi/9.2.1/../../../arm-none-eabi/lib/thumb/v7e-m+fp/hard/libc.a(lib_a-wbuf.o)
 .debug_info    0x000000000002e7fc     0x10b3 /usr/lib/gcc/arm-none-eabi/9.2.1/../../../arm-none-eabi/lib/thumb/v7e-m+fp/hard/libc.a(lib_a-wcrtomb.o)
 .debug_info    0x000000000002f8af      0xa2c /usr/lib/gcc/arm-none-eabi/9.2.1/../../../arm-none-eabi/lib/thumb/v7e-m+fp/hard/libc.a(lib_a-writer.o)
 .debug_info    0x00000000000302db      0x9d8 /usr/lib/gcc/arm-none-eabi/9.2.1/../../../arm-none-eabi/lib/thumb/v7e-m+fp/hard/libc.a(lib_a-closer.o)
 .debug_info    0x0000000000030cb3      0xcd5 /usr/lib/gcc/arm-none-eabi/9.2.1/../../../arm-none-eabi/lib/thumb/v7e-m+fp/hard/libc.a(lib_a-fclose.o)
 .debug_info    0x0000000000031988      0xc24 /usr/lib/gcc/arm-none-eabi/9.2.1/../../../arm-none-eabi/lib/thumb/v7e-m+fp/hard/libc.a(lib_a-fstatr.o)
 .debug_info    0x00000000000325ac      0x9d8 /usr/lib/gcc/arm-none-eabi/9.2.1/../../../arm-none-eabi/lib/thumb/v7e-m+fp/hard/libc.a(lib_a-isattyr.o)
 .debug_info    0x0000000000032f84      0xa0d /usr/lib/gcc/arm-none-eabi/9.2.1/../../../arm-none-eabi/lib/thumb/v7e-m+fp/hard/libc.a(lib_a-lseekr.o)
 .debug_info    0x0000000000033991      0xa25 /usr/lib/gcc/arm-none-eabi/9.2.1/../../../arm-none-eabi/lib/thumb/v7e-m+fp/hard/libc.a(lib_a-readr.o)
 .debug_info    0x00000000000343b6       0x26 /usr/lib/gcc/arm-none-eabi/9.2.1/thumb/v7e-m+fp/hard/libgcc.a(_arm_addsubdf3.o)
 .debug_info    0x00000000000343dc       0x26 /usr/lib/gcc/arm-none-eabi/9.2.1/thumb/v7e-m+fp/hard/libgcc.a(_arm_muldivdf3.o)
 .debug_info    0x0000000000034402       0x26 /usr/lib/gcc/arm-none-eabi/9.2.1/thumb/v7e-m+fp/hard/libgcc.a(_arm_cmpdf2.o)
 .debug_info    0x0000000000034428       0x26 /usr/lib/gcc/arm-none-eabi/9.2.1/thumb/v7e-m+fp/hard/libgcc.a(_arm_unorddf2.o)
 .debug_info    0x000000000003444e       0x26 /usr/lib/gcc/arm-none-eabi/9.2.1/thumb/v7e-m+fp/hard/libgcc.a(_arm_fixdfsi.o)
 .debug_info    0x0000000000034474       0x26 /usr/lib/gcc/arm-none-eabi/9.2.1/thumb/v7e-m+fp/hard/libgcc.a(_aeabi_uldivmod.o)
 .debug_info    0x000000000003449a      0xd7c /usr/lib/gcc/arm-none-eabi/9.2.1/thumb/v7e-m+fp/hard/libgcc.a(_udivmoddi4.o)
 .debug_info    0x0000000000035216       0x26 /usr/lib/gcc/arm-none-eabi/9.2.1/thumb/v7e-m+fp/hard/libgcc.a(_dvmd_tls.o)
 .debug_info    0x000000000003523c      0x96e /usr/lib/gcc/arm-none-eabi/9.2.1/../../../arm-none-eabi/lib/thumb/v7e-m+fp/hard/libnosys.a(close.o)
 .debug_info    0x0000000000035baa      0xbb1 /usr/lib/gcc/arm-none-eabi/9.2.1/../../../arm-none-eabi/lib/thumb/v7e-m+fp/hard/libnosys.a(fstat.o)
 .debug_info    0x000000000003675b      0x959 /usr/lib/gcc/arm-none-eabi/9.2.1/../../../arm-none-eabi/lib/thumb/v7e-m+fp/hard/libnosys.a(getpid.o)
 .debug_info    0x00000000000370b4      0x96e /usr/lib/gcc/arm-none-eabi/9.2.1/../../../arm-none-eabi/lib/thumb/v7e-m+fp/hard/libnosys.a(isatty.o)
 .debug_info    0x0000000000037a22      0x97c /usr/lib/gcc/arm-none-eabi/9.2.1/../../../arm-none-eabi/lib/thumb/v7e-m+fp/hard/libnosys.a(kill.o)
 .debug_info    0x000000000003839e      0x990 /usr/lib/gcc/arm-none-eabi/9.2.1/../../../arm-none-eabi/lib/thumb/v7e-m+fp/hard/libnosys.a(lseek.o)
 .debug_info    0x0000000000038d2e      0x990 /usr/lib/gcc/arm-none-eabi/9.2.1/../../../arm-none-eabi/lib/thumb/v7e-m+fp/hard/libnosys.a(read.o)
 .debug_info    0x00000000000396be       0x9d /usr/lib/gcc/arm-none-eabi/9.2.1/../../../arm-none-eabi/lib/thumb/v7e-m+fp/hard/libnosys.a(sbrk.o)
 .debug_info    0x000000000003975b      0x990 /usr/lib/gcc/arm-none-eabi/9.2.1/../../../arm-none-eabi/lib/thumb/v7e-m+fp/hard/libnosys.a(write.o)
 .debug_info    0x000000000003a0eb       0xa3 /usr/lib/gcc/arm-none-eabi/9.2.1/../../../arm-none-eabi/lib/thumb/v7e-m+fp/hard/libnosys.a(_exit.o)

.debug_abbrev   0x0000000000000000     0xb183
 .debug_abbrev  0x0000000000000000      0x1a7 sdram.o
 .debug_abbrev  0x00000000000001a7      0x1a7 clock.o
 .debug_abbrev  0x000000000000034e      0x248 console.o
 .debug_abbrev  0x0000000000000596      0x3ab lcd-spi.o
 .debug_abbrev  0x0000000000000941      0x43d gfx.o
 .debug_abbrev  0x0000000000000d7e      0x3df sismografo.o
 .debug_abbrev  0x000000000000115d      0x181 ./libopencm3//lib/libopencm3_stm32f4.a(adc_common_v1.o)
 .debug_abbrev  0x00000000000012de      0x167 ./libopencm3//lib/libopencm3_stm32f4.a(adc_common_v1_multi.o)
 .debug_abbrev  0x0000000000001445       0xea ./libopencm3//lib/libopencm3_stm32f4.a(adc_common_f47.o)
 .debug_abbrev  0x000000000000152f      0x10c ./libopencm3//lib/libopencm3_stm32f4.a(fmc_common_f47.o)
 .debug_abbrev  0x000000000000163b      0x116 ./libopencm3//lib/libopencm3_stm32f4.a(gpio_common_all.o)
 .debug_abbrev  0x0000000000001751       0xbf ./libopencm3//lib/libopencm3_stm32f4.a(gpio_common_f0234.o)
 .debug_abbrev  0x0000000000001810      0x1da ./libopencm3//lib/libopencm3_stm32f4.a(rcc_common_all.o)
 .debug_abbrev  0x00000000000019ea      0x2d1 ./libopencm3//lib/libopencm3_stm32f4.a(rcc.o)
 .debug_abbrev  0x0000000000001cbb      0x203 ./libopencm3//lib/libopencm3_stm32f4.a(spi_common_all.o)
 .debug_abbrev  0x0000000000001ebe      0x13e ./libopencm3//lib/libopencm3_stm32f4.a(spi_common_v1.o)
 .debug_abbrev  0x0000000000001ffc      0x1d2 ./libopencm3//lib/libopencm3_stm32f4.a(usart_common_all.o)
 .debug_abbrev  0x00000000000021ce      0x121 ./libopencm3//lib/libopencm3_stm32f4.a(usart_common_f124.o)
 .debug_abbrev  0x00000000000022ef      0x15b ./libopencm3//lib/libopencm3_stm32f4.a(vector.o)
 .debug_abbrev  0x000000000000244a      0x155 ./libopencm3//lib/libopencm3_stm32f4.a(systick.o)
 .debug_abbrev  0x000000000000259f      0x1f2 ./libopencm3//lib/libopencm3_stm32f4.a(scb.o)
 .debug_abbrev  0x0000000000002791       0xb5 ./libopencm3//lib/libopencm3_stm32f4.a(nvic.o)
 .debug_abbrev  0x0000000000002846       0x9a ./libopencm3//lib/libopencm3_stm32f4.a(flash_common_all.o)
 .debug_abbrev  0x00000000000028e0       0x56 ./libopencm3//lib/libopencm3_stm32f4.a(flash_common_idcache.o)
 .debug_abbrev  0x0000000000002936       0x9c ./libopencm3//lib/libopencm3_stm32f4.a(pwr.o)
 .debug_abbrev  0x00000000000029d2      0x2b2 /usr/lib/gcc/arm-none-eabi/9.2.1/../../../arm-none-eabi/lib/thumb/v7e-m+fp/hard/libc.a(lib_a-sprintf.o)
 .debug_abbrev  0x0000000000002c84      0x415 /usr/lib/gcc/arm-none-eabi/9.2.1/../../../arm-none-eabi/lib/thumb/v7e-m+fp/hard/libc.a(lib_a-svfprintf.o)
 .debug_abbrev  0x0000000000003099      0x343 /usr/lib/gcc/arm-none-eabi/9.2.1/../../../arm-none-eabi/lib/thumb/v7e-m+fp/hard/libc.a(lib_a-dtoa.o)
 .debug_abbrev  0x00000000000033dc      0x1b8 /usr/lib/gcc/arm-none-eabi/9.2.1/../../../arm-none-eabi/lib/thumb/v7e-m+fp/hard/libc.a(lib_a-impure.o)
 .debug_abbrev  0x0000000000003594      0x27d /usr/lib/gcc/arm-none-eabi/9.2.1/../../../arm-none-eabi/lib/thumb/v7e-m+fp/hard/libc.a(lib_a-localeconv.o)
 .debug_abbrev  0x0000000000003811      0x321 /usr/lib/gcc/arm-none-eabi/9.2.1/../../../arm-none-eabi/lib/thumb/v7e-m+fp/hard/libc.a(lib_a-mallocr.o)
 .debug_abbrev  0x0000000000003b32       0x14 /usr/lib/gcc/arm-none-eabi/9.2.1/../../../arm-none-eabi/lib/thumb/v7e-m+fp/hard/libc.a(lib_a-memchr.o)
 .debug_abbrev  0x0000000000003b46       0x14 /usr/lib/gcc/arm-none-eabi/9.2.1/../../../arm-none-eabi/lib/thumb/v7e-m+fp/hard/libc.a(lib_a-memcpy.o)
 .debug_abbrev  0x0000000000003b5a      0x203 /usr/lib/gcc/arm-none-eabi/9.2.1/../../../arm-none-eabi/lib/thumb/v7e-m+fp/hard/libc.a(lib_a-mlock.o)
 .debug_abbrev  0x0000000000003d5d      0x4b7 /usr/lib/gcc/arm-none-eabi/9.2.1/../../../arm-none-eabi/lib/thumb/v7e-m+fp/hard/libc.a(lib_a-mprec.o)
 .debug_abbrev  0x0000000000004214      0x250 /usr/lib/gcc/arm-none-eabi/9.2.1/../../../arm-none-eabi/lib/thumb/v7e-m+fp/hard/libc.a(lib_a-sbrkr.o)
 .debug_abbrev  0x0000000000004464       0x14 /usr/lib/gcc/arm-none-eabi/9.2.1/../../../arm-none-eabi/lib/thumb/v7e-m+fp/hard/libc.a(lib_a-strlen.o)
 .debug_abbrev  0x0000000000004478      0x352 /usr/lib/gcc/arm-none-eabi/9.2.1/../../../arm-none-eabi/lib/thumb/v7e-m+fp/hard/libc.a(lib_a-svfiprintf.o)
 .debug_abbrev  0x00000000000047ca      0x23d /usr/lib/gcc/arm-none-eabi/9.2.1/../../../arm-none-eabi/lib/thumb/v7e-m+fp/hard/libc.a(lib_a-assert.o)
 .debug_abbrev  0x0000000000004a07      0x275 /usr/lib/gcc/arm-none-eabi/9.2.1/../../../arm-none-eabi/lib/thumb/v7e-m+fp/hard/libc.a(lib_a-callocr.o)
 .debug_abbrev  0x0000000000004c7c      0x255 /usr/lib/gcc/arm-none-eabi/9.2.1/../../../arm-none-eabi/lib/thumb/v7e-m+fp/hard/libc.a(lib_a-fiprintf.o)
 .debug_abbrev  0x0000000000004ed1      0x2c9 /usr/lib/gcc/arm-none-eabi/9.2.1/../../../arm-none-eabi/lib/thumb/v7e-m+fp/hard/libc.a(lib_a-freer.o)
 .debug_abbrev  0x000000000000519a      0x2e8 /usr/lib/gcc/arm-none-eabi/9.2.1/../../../arm-none-eabi/lib/thumb/v7e-m+fp/hard/libc.a(lib_a-locale.o)
 .debug_abbrev  0x0000000000005482      0x25f /usr/lib/gcc/arm-none-eabi/9.2.1/../../../arm-none-eabi/lib/thumb/v7e-m+fp/hard/libc.a(lib_a-mbtowc_r.o)
 .debug_abbrev  0x00000000000056e1      0x21c /usr/lib/gcc/arm-none-eabi/9.2.1/../../../arm-none-eabi/lib/thumb/v7e-m+fp/hard/libc.a(lib_a-memmove.o)
 .debug_abbrev  0x00000000000058fd      0x217 /usr/lib/gcc/arm-none-eabi/9.2.1/../../../arm-none-eabi/lib/thumb/v7e-m+fp/hard/libc.a(lib_a-memset.o)
 .debug_abbrev  0x0000000000005b14      0x2a8 /usr/lib/gcc/arm-none-eabi/9.2.1/../../../arm-none-eabi/lib/thumb/v7e-m+fp/hard/libc.a(lib_a-reallocr.o)
 .debug_abbrev  0x0000000000005dbc      0x2ba /usr/lib/gcc/arm-none-eabi/9.2.1/../../../arm-none-eabi/lib/thumb/v7e-m+fp/hard/libc.a(lib_a-reent.o)
 .debug_abbrev  0x0000000000006076       0x14 /usr/lib/gcc/arm-none-eabi/9.2.1/../../../arm-none-eabi/lib/thumb/v7e-m+fp/hard/libc.a(lib_a-strcmp.o)
 .debug_abbrev  0x000000000000608a      0x468 /usr/lib/gcc/arm-none-eabi/9.2.1/../../../arm-none-eabi/lib/thumb/v7e-m+fp/hard/libc.a(lib_a-vfiprintf.o)
 .debug_abbrev  0x00000000000064f2      0x269 /usr/lib/gcc/arm-none-eabi/9.2.1/../../../arm-none-eabi/lib/thumb/v7e-m+fp/hard/libc.a(lib_a-wctomb_r.o)
 .debug_abbrev  0x000000000000675b      0x283 /usr/lib/gcc/arm-none-eabi/9.2.1/../../../arm-none-eabi/lib/thumb/v7e-m+fp/hard/libc.a(lib_a-wsetup.o)
 .debug_abbrev  0x00000000000069de      0x20b /usr/lib/gcc/arm-none-eabi/9.2.1/../../../arm-none-eabi/lib/thumb/v7e-m+fp/hard/libc.a(lib_a-abort.o)
 .debug_abbrev  0x0000000000006be9      0x1b6 /usr/lib/gcc/arm-none-eabi/9.2.1/../../../arm-none-eabi/lib/thumb/v7e-m+fp/hard/libc.a(lib_a-ctype_.o)
 .debug_abbrev  0x0000000000006d9f      0x322 /usr/lib/gcc/arm-none-eabi/9.2.1/../../../arm-none-eabi/lib/thumb/v7e-m+fp/hard/libc.a(lib_a-fflush.o)
 .debug_abbrev  0x00000000000070c1      0x425 /usr/lib/gcc/arm-none-eabi/9.2.1/../../../arm-none-eabi/lib/thumb/v7e-m+fp/hard/libc.a(lib_a-findfp.o)
 .debug_abbrev  0x00000000000074e6      0x38c /usr/lib/gcc/arm-none-eabi/9.2.1/../../../arm-none-eabi/lib/thumb/v7e-m+fp/hard/libc.a(lib_a-fputwc.o)
 .debug_abbrev  0x0000000000007872      0x2ae /usr/lib/gcc/arm-none-eabi/9.2.1/../../../arm-none-eabi/lib/thumb/v7e-m+fp/hard/libc.a(lib_a-fvwrite.o)
 .debug_abbrev  0x0000000000007b20      0x24e /usr/lib/gcc/arm-none-eabi/9.2.1/../../../arm-none-eabi/lib/thumb/v7e-m+fp/hard/libc.a(lib_a-fwalk.o)
 .debug_abbrev  0x0000000000007d6e      0x334 /usr/lib/gcc/arm-none-eabi/9.2.1/../../../arm-none-eabi/lib/thumb/v7e-m+fp/hard/libc.a(lib_a-makebuf.o)
 .debug_abbrev  0x00000000000080a2      0x36b /usr/lib/gcc/arm-none-eabi/9.2.1/../../../arm-none-eabi/lib/thumb/v7e-m+fp/hard/libc.a(lib_a-signal.o)
 .debug_abbrev  0x000000000000840d      0x255 /usr/lib/gcc/arm-none-eabi/9.2.1/../../../arm-none-eabi/lib/thumb/v7e-m+fp/hard/libc.a(lib_a-signalr.o)
 .debug_abbrev  0x0000000000008662      0x2ad /usr/lib/gcc/arm-none-eabi/9.2.1/../../../arm-none-eabi/lib/thumb/v7e-m+fp/hard/libc.a(lib_a-stdio.o)
 .debug_abbrev  0x000000000000890f      0x2c3 /usr/lib/gcc/arm-none-eabi/9.2.1/../../../arm-none-eabi/lib/thumb/v7e-m+fp/hard/libc.a(lib_a-wbuf.o)
 .debug_abbrev  0x0000000000008bd2      0x256 /usr/lib/gcc/arm-none-eabi/9.2.1/../../../arm-none-eabi/lib/thumb/v7e-m+fp/hard/libc.a(lib_a-wcrtomb.o)
 .debug_abbrev  0x0000000000008e28      0x22a /usr/lib/gcc/arm-none-eabi/9.2.1/../../../arm-none-eabi/lib/thumb/v7e-m+fp/hard/libc.a(lib_a-writer.o)
 .debug_abbrev  0x0000000000009052      0x225 /usr/lib/gcc/arm-none-eabi/9.2.1/../../../arm-none-eabi/lib/thumb/v7e-m+fp/hard/libc.a(lib_a-closer.o)
 .debug_abbrev  0x0000000000009277      0x327 /usr/lib/gcc/arm-none-eabi/9.2.1/../../../arm-none-eabi/lib/thumb/v7e-m+fp/hard/libc.a(lib_a-fclose.o)
 .debug_abbrev  0x000000000000959e      0x239 /usr/lib/gcc/arm-none-eabi/9.2.1/../../../arm-none-eabi/lib/thumb/v7e-m+fp/hard/libc.a(lib_a-fstatr.o)
 .debug_abbrev  0x00000000000097d7      0x225 /usr/lib/gcc/arm-none-eabi/9.2.1/../../../arm-none-eabi/lib/thumb/v7e-m+fp/hard/libc.a(lib_a-isattyr.o)
 .debug_abbrev  0x00000000000099fc      0x239 /usr/lib/gcc/arm-none-eabi/9.2.1/../../../arm-none-eabi/lib/thumb/v7e-m+fp/hard/libc.a(lib_a-lseekr.o)
 .debug_abbrev  0x0000000000009c35      0x225 /usr/lib/gcc/arm-none-eabi/9.2.1/../../../arm-none-eabi/lib/thumb/v7e-m+fp/hard/libc.a(lib_a-readr.o)
 .debug_abbrev  0x0000000000009e5a       0x14 /usr/lib/gcc/arm-none-eabi/9.2.1/thumb/v7e-m+fp/hard/libgcc.a(_arm_addsubdf3.o)
 .debug_abbrev  0x0000000000009e6e       0x14 /usr/lib/gcc/arm-none-eabi/9.2.1/thumb/v7e-m+fp/hard/libgcc.a(_arm_muldivdf3.o)
 .debug_abbrev  0x0000000000009e82       0x14 /usr/lib/gcc/arm-none-eabi/9.2.1/thumb/v7e-m+fp/hard/libgcc.a(_arm_cmpdf2.o)
 .debug_abbrev  0x0000000000009e96       0x14 /usr/lib/gcc/arm-none-eabi/9.2.1/thumb/v7e-m+fp/hard/libgcc.a(_arm_unorddf2.o)
 .debug_abbrev  0x0000000000009eaa       0x14 /usr/lib/gcc/arm-none-eabi/9.2.1/thumb/v7e-m+fp/hard/libgcc.a(_arm_fixdfsi.o)
 .debug_abbrev  0x0000000000009ebe       0x14 /usr/lib/gcc/arm-none-eabi/9.2.1/thumb/v7e-m+fp/hard/libgcc.a(_aeabi_uldivmod.o)
 .debug_abbrev  0x0000000000009ed2      0x1c2 /usr/lib/gcc/arm-none-eabi/9.2.1/thumb/v7e-m+fp/hard/libgcc.a(_udivmoddi4.o)
 .debug_abbrev  0x000000000000a094       0x14 /usr/lib/gcc/arm-none-eabi/9.2.1/thumb/v7e-m+fp/hard/libgcc.a(_dvmd_tls.o)
 .debug_abbrev  0x000000000000a0a8      0x1ea /usr/lib/gcc/arm-none-eabi/9.2.1/../../../arm-none-eabi/lib/thumb/v7e-m+fp/hard/libnosys.a(close.o)
 .debug_abbrev  0x000000000000a292      0x1fd /usr/lib/gcc/arm-none-eabi/9.2.1/../../../arm-none-eabi/lib/thumb/v7e-m+fp/hard/libnosys.a(fstat.o)
 .debug_abbrev  0x000000000000a48f      0x1d6 /usr/lib/gcc/arm-none-eabi/9.2.1/../../../arm-none-eabi/lib/thumb/v7e-m+fp/hard/libnosys.a(getpid.o)
 .debug_abbrev  0x000000000000a665      0x1ea /usr/lib/gcc/arm-none-eabi/9.2.1/../../../arm-none-eabi/lib/thumb/v7e-m+fp/hard/libnosys.a(isatty.o)
 .debug_abbrev  0x000000000000a84f      0x1fb /usr/lib/gcc/arm-none-eabi/9.2.1/../../../arm-none-eabi/lib/thumb/v7e-m+fp/hard/libnosys.a(kill.o)
 .debug_abbrev  0x000000000000aa4a      0x20f /usr/lib/gcc/arm-none-eabi/9.2.1/../../../arm-none-eabi/lib/thumb/v7e-m+fp/hard/libnosys.a(lseek.o)
 .debug_abbrev  0x000000000000ac59      0x20f /usr/lib/gcc/arm-none-eabi/9.2.1/../../../arm-none-eabi/lib/thumb/v7e-m+fp/hard/libnosys.a(read.o)
 .debug_abbrev  0x000000000000ae68       0xa2 /usr/lib/gcc/arm-none-eabi/9.2.1/../../../arm-none-eabi/lib/thumb/v7e-m+fp/hard/libnosys.a(sbrk.o)
 .debug_abbrev  0x000000000000af0a      0x20f /usr/lib/gcc/arm-none-eabi/9.2.1/../../../arm-none-eabi/lib/thumb/v7e-m+fp/hard/libnosys.a(write.o)
 .debug_abbrev  0x000000000000b119       0x6a /usr/lib/gcc/arm-none-eabi/9.2.1/../../../arm-none-eabi/lib/thumb/v7e-m+fp/hard/libnosys.a(_exit.o)

.debug_loc      0x0000000000000000    0x17eee
 .debug_loc     0x0000000000000000       0xde sdram.o
 .debug_loc     0x00000000000000de       0x3a clock.o
 .debug_loc     0x0000000000000118      0x1f3 console.o
 .debug_loc     0x000000000000030b      0x43f lcd-spi.o
 .debug_loc     0x000000000000074a     0x1692 gfx.o
 .debug_loc     0x0000000000001ddc      0x296 sismografo.o
 .debug_loc     0x0000000000002072      0x441 ./libopencm3//lib/libopencm3_stm32f4.a(adc_common_v1.o)
 .debug_loc     0x00000000000024b3      0x159 ./libopencm3//lib/libopencm3_stm32f4.a(adc_common_v1_multi.o)
 .debug_loc     0x000000000000260c       0xea ./libopencm3//lib/libopencm3_stm32f4.a(adc_common_f47.o)
 .debug_loc     0x00000000000026f6      0x590 ./libopencm3//lib/libopencm3_stm32f4.a(fmc_common_f47.o)
 .debug_loc     0x0000000000002c86       0xbe ./libopencm3//lib/libopencm3_stm32f4.a(gpio_common_all.o)
 .debug_loc     0x0000000000002d44      0x14d ./libopencm3//lib/libopencm3_stm32f4.a(gpio_common_f0234.o)
 .debug_loc     0x0000000000002e91      0x120 ./libopencm3//lib/libopencm3_stm32f4.a(rcc_common_all.o)
 .debug_loc     0x0000000000002fb1      0x8c7 ./libopencm3//lib/libopencm3_stm32f4.a(rcc.o)
 .debug_loc     0x0000000000003878      0x170 ./libopencm3//lib/libopencm3_stm32f4.a(spi_common_all.o)
 .debug_loc     0x00000000000039e8      0x149 ./libopencm3//lib/libopencm3_stm32f4.a(spi_common_v1.o)
 .debug_loc     0x0000000000003b31      0x2cc ./libopencm3//lib/libopencm3_stm32f4.a(usart_common_all.o)
 .debug_loc     0x0000000000003dfd       0x99 ./libopencm3//lib/libopencm3_stm32f4.a(usart_common_f124.o)
 .debug_loc     0x0000000000003e96      0x128 ./libopencm3//lib/libopencm3_stm32f4.a(vector.o)
 .debug_loc     0x0000000000003fbe      0x192 ./libopencm3//lib/libopencm3_stm32f4.a(systick.o)
 .debug_loc     0x0000000000004150       0x25 ./libopencm3//lib/libopencm3_stm32f4.a(scb.o)
 .debug_loc     0x0000000000004175      0x14d ./libopencm3//lib/libopencm3_stm32f4.a(nvic.o)
 .debug_loc     0x00000000000042c2       0x47 ./libopencm3//lib/libopencm3_stm32f4.a(flash_common_all.o)
 .debug_loc     0x0000000000004309       0x47 ./libopencm3//lib/libopencm3_stm32f4.a(pwr.o)
 .debug_loc     0x0000000000004350       0xc2 /usr/lib/gcc/arm-none-eabi/9.2.1/../../../arm-none-eabi/lib/thumb/v7e-m+fp/hard/libc.a(lib_a-sprintf.o)
 .debug_loc     0x0000000000004412     0x33c5 /usr/lib/gcc/arm-none-eabi/9.2.1/../../../arm-none-eabi/lib/thumb/v7e-m+fp/hard/libc.a(lib_a-svfprintf.o)
 .debug_loc     0x00000000000077d7     0x305a /usr/lib/gcc/arm-none-eabi/9.2.1/../../../arm-none-eabi/lib/thumb/v7e-m+fp/hard/libc.a(lib_a-dtoa.o)
 .debug_loc     0x000000000000a831       0x6f /usr/lib/gcc/arm-none-eabi/9.2.1/../../../arm-none-eabi/lib/thumb/v7e-m+fp/hard/libc.a(lib_a-localeconv.o)
 .debug_loc     0x000000000000a8a0      0xf44 /usr/lib/gcc/arm-none-eabi/9.2.1/../../../arm-none-eabi/lib/thumb/v7e-m+fp/hard/libc.a(lib_a-mallocr.o)
 .debug_loc     0x000000000000b7e4     0x234e /usr/lib/gcc/arm-none-eabi/9.2.1/../../../arm-none-eabi/lib/thumb/v7e-m+fp/hard/libc.a(lib_a-mprec.o)
 .debug_loc     0x000000000000db32       0x6c /usr/lib/gcc/arm-none-eabi/9.2.1/../../../arm-none-eabi/lib/thumb/v7e-m+fp/hard/libc.a(lib_a-sbrkr.o)
 .debug_loc     0x000000000000db9e     0x1923 /usr/lib/gcc/arm-none-eabi/9.2.1/../../../arm-none-eabi/lib/thumb/v7e-m+fp/hard/libc.a(lib_a-svfiprintf.o)
 .debug_loc     0x000000000000f4c1      0x15c /usr/lib/gcc/arm-none-eabi/9.2.1/../../../arm-none-eabi/lib/thumb/v7e-m+fp/hard/libc.a(lib_a-assert.o)
 .debug_loc     0x000000000000f61d      0x2d6 /usr/lib/gcc/arm-none-eabi/9.2.1/../../../arm-none-eabi/lib/thumb/v7e-m+fp/hard/libc.a(lib_a-callocr.o)
 .debug_loc     0x000000000000f8f3       0xa6 /usr/lib/gcc/arm-none-eabi/9.2.1/../../../arm-none-eabi/lib/thumb/v7e-m+fp/hard/libc.a(lib_a-fiprintf.o)
 .debug_loc     0x000000000000f999      0x6f8 /usr/lib/gcc/arm-none-eabi/9.2.1/../../../arm-none-eabi/lib/thumb/v7e-m+fp/hard/libc.a(lib_a-freer.o)
 .debug_loc     0x0000000000010091      0x189 /usr/lib/gcc/arm-none-eabi/9.2.1/../../../arm-none-eabi/lib/thumb/v7e-m+fp/hard/libc.a(lib_a-locale.o)
 .debug_loc     0x000000000001021a      0x21d /usr/lib/gcc/arm-none-eabi/9.2.1/../../../arm-none-eabi/lib/thumb/v7e-m+fp/hard/libc.a(lib_a-mbtowc_r.o)
 .debug_loc     0x0000000000010437      0x2f1 /usr/lib/gcc/arm-none-eabi/9.2.1/../../../arm-none-eabi/lib/thumb/v7e-m+fp/hard/libc.a(lib_a-memmove.o)
 .debug_loc     0x0000000000010728      0x231 /usr/lib/gcc/arm-none-eabi/9.2.1/../../../arm-none-eabi/lib/thumb/v7e-m+fp/hard/libc.a(lib_a-memset.o)
 .debug_loc     0x0000000000010959     0x12c8 /usr/lib/gcc/arm-none-eabi/9.2.1/../../../arm-none-eabi/lib/thumb/v7e-m+fp/hard/libc.a(lib_a-reallocr.o)
 .debug_loc     0x0000000000011c21      0x152 /usr/lib/gcc/arm-none-eabi/9.2.1/../../../arm-none-eabi/lib/thumb/v7e-m+fp/hard/libc.a(lib_a-reent.o)
 .debug_loc     0x0000000000011d73     0x25f3 /usr/lib/gcc/arm-none-eabi/9.2.1/../../../arm-none-eabi/lib/thumb/v7e-m+fp/hard/libc.a(lib_a-vfiprintf.o)
 .debug_loc     0x0000000000014366      0x13a /usr/lib/gcc/arm-none-eabi/9.2.1/../../../arm-none-eabi/lib/thumb/v7e-m+fp/hard/libc.a(lib_a-wctomb_r.o)
 .debug_loc     0x00000000000144a0       0xba /usr/lib/gcc/arm-none-eabi/9.2.1/../../../arm-none-eabi/lib/thumb/v7e-m+fp/hard/libc.a(lib_a-wsetup.o)
 .debug_loc     0x000000000001455a      0x334 /usr/lib/gcc/arm-none-eabi/9.2.1/../../../arm-none-eabi/lib/thumb/v7e-m+fp/hard/libc.a(lib_a-fflush.o)
 .debug_loc     0x000000000001488e      0x32c /usr/lib/gcc/arm-none-eabi/9.2.1/../../../arm-none-eabi/lib/thumb/v7e-m+fp/hard/libc.a(lib_a-findfp.o)
 .debug_loc     0x0000000000014bba      0x3cc /usr/lib/gcc/arm-none-eabi/9.2.1/../../../arm-none-eabi/lib/thumb/v7e-m+fp/hard/libc.a(lib_a-fputwc.o)
 .debug_loc     0x0000000000014f86      0x669 /usr/lib/gcc/arm-none-eabi/9.2.1/../../../arm-none-eabi/lib/thumb/v7e-m+fp/hard/libc.a(lib_a-fvwrite.o)
 .debug_loc     0x00000000000155ef      0x24f /usr/lib/gcc/arm-none-eabi/9.2.1/../../../arm-none-eabi/lib/thumb/v7e-m+fp/hard/libc.a(lib_a-fwalk.o)
 .debug_loc     0x000000000001583e      0x192 /usr/lib/gcc/arm-none-eabi/9.2.1/../../../arm-none-eabi/lib/thumb/v7e-m+fp/hard/libc.a(lib_a-makebuf.o)
 .debug_loc     0x00000000000159d0      0x560 /usr/lib/gcc/arm-none-eabi/9.2.1/../../../arm-none-eabi/lib/thumb/v7e-m+fp/hard/libc.a(lib_a-signal.o)
 .debug_loc     0x0000000000015f30       0xd0 /usr/lib/gcc/arm-none-eabi/9.2.1/../../../arm-none-eabi/lib/thumb/v7e-m+fp/hard/libc.a(lib_a-signalr.o)
 .debug_loc     0x0000000000016000      0x393 /usr/lib/gcc/arm-none-eabi/9.2.1/../../../arm-none-eabi/lib/thumb/v7e-m+fp/hard/libc.a(lib_a-stdio.o)
 .debug_loc     0x0000000000016393      0x1b0 /usr/lib/gcc/arm-none-eabi/9.2.1/../../../arm-none-eabi/lib/thumb/v7e-m+fp/hard/libc.a(lib_a-wbuf.o)
 .debug_loc     0x0000000000016543      0x2b1 /usr/lib/gcc/arm-none-eabi/9.2.1/../../../arm-none-eabi/lib/thumb/v7e-m+fp/hard/libc.a(lib_a-wcrtomb.o)
 .debug_loc     0x00000000000167f4       0xdd /usr/lib/gcc/arm-none-eabi/9.2.1/../../../arm-none-eabi/lib/thumb/v7e-m+fp/hard/libc.a(lib_a-writer.o)
 .debug_loc     0x00000000000168d1       0x6c /usr/lib/gcc/arm-none-eabi/9.2.1/../../../arm-none-eabi/lib/thumb/v7e-m+fp/hard/libc.a(lib_a-closer.o)
 .debug_loc     0x000000000001693d      0x179 /usr/lib/gcc/arm-none-eabi/9.2.1/../../../arm-none-eabi/lib/thumb/v7e-m+fp/hard/libc.a(lib_a-fclose.o)
 .debug_loc     0x0000000000016ab6       0xab /usr/lib/gcc/arm-none-eabi/9.2.1/../../../arm-none-eabi/lib/thumb/v7e-m+fp/hard/libc.a(lib_a-fstatr.o)
 .debug_loc     0x0000000000016b61       0x6c /usr/lib/gcc/arm-none-eabi/9.2.1/../../../arm-none-eabi/lib/thumb/v7e-m+fp/hard/libc.a(lib_a-isattyr.o)
 .debug_loc     0x0000000000016bcd       0xdd /usr/lib/gcc/arm-none-eabi/9.2.1/../../../arm-none-eabi/lib/thumb/v7e-m+fp/hard/libc.a(lib_a-lseekr.o)
 .debug_loc     0x0000000000016caa       0xdd /usr/lib/gcc/arm-none-eabi/9.2.1/../../../arm-none-eabi/lib/thumb/v7e-m+fp/hard/libc.a(lib_a-readr.o)
 .debug_loc     0x0000000000016d87      0xfa2 /usr/lib/gcc/arm-none-eabi/9.2.1/thumb/v7e-m+fp/hard/libgcc.a(_udivmoddi4.o)
 .debug_loc     0x0000000000017d29       0x25 /usr/lib/gcc/arm-none-eabi/9.2.1/../../../arm-none-eabi/lib/thumb/v7e-m+fp/hard/libnosys.a(close.o)
 .debug_loc     0x0000000000017d4e       0x25 /usr/lib/gcc/arm-none-eabi/9.2.1/../../../arm-none-eabi/lib/thumb/v7e-m+fp/hard/libnosys.a(fstat.o)
 .debug_loc     0x0000000000017d73       0x25 /usr/lib/gcc/arm-none-eabi/9.2.1/../../../arm-none-eabi/lib/thumb/v7e-m+fp/hard/libnosys.a(isatty.o)
 .debug_loc     0x0000000000017d98       0x25 /usr/lib/gcc/arm-none-eabi/9.2.1/../../../arm-none-eabi/lib/thumb/v7e-m+fp/hard/libnosys.a(kill.o)
 .debug_loc     0x0000000000017dbd       0x4a /usr/lib/gcc/arm-none-eabi/9.2.1/../../../arm-none-eabi/lib/thumb/v7e-m+fp/hard/libnosys.a(lseek.o)
 .debug_loc     0x0000000000017e07       0x4a /usr/lib/gcc/arm-none-eabi/9.2.1/../../../arm-none-eabi/lib/thumb/v7e-m+fp/hard/libnosys.a(read.o)
 .debug_loc     0x0000000000017e51       0x3e /usr/lib/gcc/arm-none-eabi/9.2.1/../../../arm-none-eabi/lib/thumb/v7e-m+fp/hard/libnosys.a(sbrk.o)
 .debug_loc     0x0000000000017e8f       0x4a /usr/lib/gcc/arm-none-eabi/9.2.1/../../../arm-none-eabi/lib/thumb/v7e-m+fp/hard/libnosys.a(write.o)
 .debug_loc     0x0000000000017ed9       0x15 /usr/lib/gcc/arm-none-eabi/9.2.1/../../../arm-none-eabi/lib/thumb/v7e-m+fp/hard/libnosys.a(_exit.o)

.debug_aranges  0x0000000000000000     0x1368
 .debug_aranges
                0x0000000000000000       0x20 sdram.o
 .debug_aranges
                0x0000000000000020       0x38 clock.o
 .debug_aranges
                0x0000000000000058       0x48 console.o
 .debug_aranges
                0x00000000000000a0       0x40 lcd-spi.o
 .debug_aranges
                0x00000000000000e0       0xf8 gfx.o
 .debug_aranges
                0x00000000000001d8       0x80 sismografo.o
 .debug_aranges
                0x0000000000000258      0x158 ./libopencm3//lib/libopencm3_stm32f4.a(adc_common_v1.o)
 .debug_aranges
                0x00000000000003b0       0xa8 ./libopencm3//lib/libopencm3_stm32f4.a(adc_common_v1_multi.o)
 .debug_aranges
                0x0000000000000458       0x40 ./libopencm3//lib/libopencm3_stm32f4.a(adc_common_f47.o)
 .debug_aranges
                0x0000000000000498       0x28 ./libopencm3//lib/libopencm3_stm32f4.a(fmc_common_f47.o)
 .debug_aranges
                0x00000000000004c0       0x50 ./libopencm3//lib/libopencm3_stm32f4.a(gpio_common_all.o)
 .debug_aranges
                0x0000000000000510       0x30 ./libopencm3//lib/libopencm3_stm32f4.a(gpio_common_f0234.o)
 .debug_aranges
                0x0000000000000540       0x60 ./libopencm3//lib/libopencm3_stm32f4.a(rcc_common_all.o)
 .debug_aranges
                0x00000000000005a0      0x110 ./libopencm3//lib/libopencm3_stm32f4.a(rcc.o)
 .debug_aranges
                0x00000000000006b0      0x170 ./libopencm3//lib/libopencm3_stm32f4.a(spi_common_all.o)
 .debug_aranges
                0x0000000000000820       0x30 ./libopencm3//lib/libopencm3_stm32f4.a(spi_common_v1.o)
 .debug_aranges
                0x0000000000000850       0xf0 ./libopencm3//lib/libopencm3_stm32f4.a(usart_common_all.o)
 .debug_aranges
                0x0000000000000940       0x40 ./libopencm3//lib/libopencm3_stm32f4.a(usart_common_f124.o)
 .debug_aranges
                0x0000000000000980       0x30 ./libopencm3//lib/libopencm3_stm32f4.a(vector.o)
 .debug_aranges
                0x00000000000009b0       0x78 ./libopencm3//lib/libopencm3_stm32f4.a(systick.o)
 .debug_aranges
                0x0000000000000a28       0x30 ./libopencm3//lib/libopencm3_stm32f4.a(scb.o)
 .debug_aranges
                0x0000000000000a58       0x60 ./libopencm3//lib/libopencm3_stm32f4.a(nvic.o)
 .debug_aranges
                0x0000000000000ab8       0x38 ./libopencm3//lib/libopencm3_stm32f4.a(flash_common_all.o)
 .debug_aranges
                0x0000000000000af0       0x48 ./libopencm3//lib/libopencm3_stm32f4.a(flash_common_idcache.o)
 .debug_aranges
                0x0000000000000b38       0x20 ./libopencm3//lib/libopencm3_stm32f4.a(pwr.o)
 .debug_aranges
                0x0000000000000b58       0x20 /usr/lib/gcc/arm-none-eabi/9.2.1/../../../arm-none-eabi/lib/thumb/v7e-m+fp/hard/libc.a(lib_a-sprintf.o)
 .debug_aranges
                0x0000000000000b78       0x20 /usr/lib/gcc/arm-none-eabi/9.2.1/../../../arm-none-eabi/lib/thumb/v7e-m+fp/hard/libc.a(lib_a-svfprintf.o)
 .debug_aranges
                0x0000000000000b98       0x20 /usr/lib/gcc/arm-none-eabi/9.2.1/../../../arm-none-eabi/lib/thumb/v7e-m+fp/hard/libc.a(lib_a-dtoa.o)
 .debug_aranges
                0x0000000000000bb8       0x18 /usr/lib/gcc/arm-none-eabi/9.2.1/../../../arm-none-eabi/lib/thumb/v7e-m+fp/hard/libc.a(lib_a-impure.o)
 .debug_aranges
                0x0000000000000bd0       0x20 /usr/lib/gcc/arm-none-eabi/9.2.1/../../../arm-none-eabi/lib/thumb/v7e-m+fp/hard/libc.a(lib_a-localeconv.o)
 .debug_aranges
                0x0000000000000bf0       0x20 /usr/lib/gcc/arm-none-eabi/9.2.1/../../../arm-none-eabi/lib/thumb/v7e-m+fp/hard/libc.a(lib_a-mallocr.o)
 .debug_aranges
                0x0000000000000c10       0x20 /usr/lib/gcc/arm-none-eabi/9.2.1/../../../arm-none-eabi/lib/thumb/v7e-m+fp/hard/libc.a(lib_a-memchr.o)
 .debug_aranges
                0x0000000000000c30       0x20 /usr/lib/gcc/arm-none-eabi/9.2.1/../../../arm-none-eabi/lib/thumb/v7e-m+fp/hard/libc.a(lib_a-memcpy.o)
 .debug_aranges
                0x0000000000000c50       0x20 /usr/lib/gcc/arm-none-eabi/9.2.1/../../../arm-none-eabi/lib/thumb/v7e-m+fp/hard/libc.a(lib_a-mlock.o)
 .debug_aranges
                0x0000000000000c70       0x20 /usr/lib/gcc/arm-none-eabi/9.2.1/../../../arm-none-eabi/lib/thumb/v7e-m+fp/hard/libc.a(lib_a-mprec.o)
 .debug_aranges
                0x0000000000000c90       0x20 /usr/lib/gcc/arm-none-eabi/9.2.1/../../../arm-none-eabi/lib/thumb/v7e-m+fp/hard/libc.a(lib_a-sbrkr.o)
 .debug_aranges
                0x0000000000000cb0       0x20 /usr/lib/gcc/arm-none-eabi/9.2.1/../../../arm-none-eabi/lib/thumb/v7e-m+fp/hard/libc.a(lib_a-strlen.o)
 .debug_aranges
                0x0000000000000cd0       0x20 /usr/lib/gcc/arm-none-eabi/9.2.1/../../../arm-none-eabi/lib/thumb/v7e-m+fp/hard/libc.a(lib_a-svfiprintf.o)
 .debug_aranges
                0x0000000000000cf0       0x20 /usr/lib/gcc/arm-none-eabi/9.2.1/../../../arm-none-eabi/lib/thumb/v7e-m+fp/hard/libc.a(lib_a-assert.o)
 .debug_aranges
                0x0000000000000d10       0x20 /usr/lib/gcc/arm-none-eabi/9.2.1/../../../arm-none-eabi/lib/thumb/v7e-m+fp/hard/libc.a(lib_a-callocr.o)
 .debug_aranges
                0x0000000000000d30       0x20 /usr/lib/gcc/arm-none-eabi/9.2.1/../../../arm-none-eabi/lib/thumb/v7e-m+fp/hard/libc.a(lib_a-fiprintf.o)
 .debug_aranges
                0x0000000000000d50       0x20 /usr/lib/gcc/arm-none-eabi/9.2.1/../../../arm-none-eabi/lib/thumb/v7e-m+fp/hard/libc.a(lib_a-freer.o)
 .debug_aranges
                0x0000000000000d70       0x20 /usr/lib/gcc/arm-none-eabi/9.2.1/../../../arm-none-eabi/lib/thumb/v7e-m+fp/hard/libc.a(lib_a-locale.o)
 .debug_aranges