gplink-1.4.0 #1107 (Jan  1 2021)
Copyright (c) 1998-2014 gputils project
Listing File Generated: 8-27-2023  17:56:32
 
 
Address  Value    Disassembly              Source
-------  -----    -----------              ------
                                           ;--------------------------------------------------------
                                           ; File Created by SDCC : free open source ANSI-C Compiler
                                           ; Version 4.0.0 #11528 (Linux)
                                           ;--------------------------------------------------------
                                           ; PIC port for the 14-bit core
                                           ;--------------------------------------------------------
                                           ;	.file	"dado.c"
                                           	list	p=12f683
                                           	radix dec
                                           	include "p12f683.inc"
                                                   LIST
                                           
                                           ;==========================================================================
                                           ; Build date : Aug 07 2014
                                           ;  MPASM PIC12F683 processor include
                                           ; 
                                           ;  (c) Copyright 1999-2014 Microchip Technology, All rights reserved
                                           ;==========================================================================
                                           
                                                   NOLIST
                                           ;--------------------------------------------------------
                                           ; config word(s)
                                           ;--------------------------------------------------------
002007   3f97     addlw   0x97             	__config 0x3f97
                                           ;--------------------------------------------------------
                                           ; external declarations
                                           ;--------------------------------------------------------
                                           	extern	_TRISIO
                                           	extern	_OPTION_REG
                                           	extern	_GPIO
                                           	extern	_TMR0
                                           	extern	_GPIObits
                                           	extern	__sdcc_gsinit_startup
                                           ;--------------------------------------------------------
                                           ; global declarations
                                           ;--------------------------------------------------------
                                           	global	_main
                                           	global	_valor_anterior
                                           	global	_valor_actual
                                           	global	_delay
                                           
                                           	global PSAVE
                                           	global SSAVE
                                           	global WSAVE
                                           	global STK12
                                           	global STK11
                                           	global STK10
                                           	global STK09
                                           	global STK08
                                           	global STK07
                                           	global STK06
                                           	global STK05
                                           	global STK04
                                           	global STK03
                                           	global STK02
                                           	global STK01
                                           	global STK00
                                           
                                           sharebank udata_ovr 0x0070
                                           PSAVE	res 1
                                           SSAVE	res 1
                                           WSAVE	res 1
                                           STK12	res 1
                                           STK11	res 1
                                           STK10	res 1
                                           STK09	res 1
                                           STK08	res 1
                                           STK07	res 1
                                           STK06	res 1
                                           STK05	res 1
                                           STK04	res 1
                                           STK03	res 1
                                           STK02	res 1
                                           STK01	res 1
                                           STK00	res 1
                                           
                                           ;--------------------------------------------------------
                                           ; global definitions
                                           ;--------------------------------------------------------
                                           ;--------------------------------------------------------
                                           ; absolute symbol definitions
                                           ;--------------------------------------------------------
                                           ;--------------------------------------------------------
                                           ; compiler-defined variables
                                           ;--------------------------------------------------------
                                           UDL_dado_0	udata
                                           r0x100A	res	1
                                           r0x1003	res	1
                                           r0x1002	res	1
                                           r0x1004	res	1
                                           r0x1005	res	1
                                           r0x1006	res	1
                                           r0x1007	res	1
                                           r0x1008	res	1
                                           r0x1009	res	1
                                           ;--------------------------------------------------------
                                           ; initialized data
                                           ;--------------------------------------------------------
                                           
                                           IDD_dado_0	idata
                                           _valor_actual
                                           	db	0x00	; 0
                                           
                                           
                                           IDD_dado_1	idata
                                           _valor_anterior
                                           	db	0x00	; 0
                                           
                                           ;--------------------------------------------------------
                                           ; initialized absolute data
                                           ;--------------------------------------------------------
                                           ;--------------------------------------------------------
                                           ; overlayable items in internal ram 
                                           ;--------------------------------------------------------
                                           ;	udata_ovr
                                           ;--------------------------------------------------------
                                           ; reset vector 
                                           ;--------------------------------------------------------
                                           STARTUP	code 0x0000
000000   0000     nop                      	nop
                                           	pagesel __sdcc_gsinit_startup
000001   2802     goto    0x0002           	goto	__sdcc_gsinit_startup
                                           ;--------------------------------------------------------
                                           ; code
                                           ;--------------------------------------------------------
                                           code_dado	code
                                           ;***
                                           ;  pBlock Stats: dbName = M
                                           ;***
                                           ;has an exit
                                           ;functions called:
                                           ;   _delay
                                           ;   _delay
                                           ;2 compiler assigned registers:
                                           ;   r0x100A
                                           ;   STK00
                                           ;; Starting pCode block
                                           S_dado__main	code
                                           _main:
                                           ; 2 exit points
                                           ;	.line	37; "dado.c"	TRISIO = 0b00001000; 
00009e   3008     movlw   0x08             	MOVLW	0x08
00009f   1683     bsf     0x03, 0x5        	BANKSEL	_TRISIO
0000a0   0085     movwf   0x05             	MOVWF	_TRISIO
                                           ;	.line	39; "dado.c"	GPIO = 0x00; 
0000a1   1283     bcf     0x03, 0x5        	BANKSEL	_GPIO
0000a2   0185     clrf    0x05             	CLRF	_GPIO
                                           ;	.line	43; "dado.c"	OPTION_REG = 0b00000100; 
0000a3   3004     movlw   0x04             	MOVLW	0x04
0000a4   1683     bsf     0x03, 0x5        	BANKSEL	_OPTION_REG
0000a5   0081     movwf   0x01             	MOVWF	_OPTION_REG
                                           _00113_DS_:
                                           ;	.line	50; "dado.c"	if (boton == 0) {
0000a6   1283     bcf     0x03, 0x5        	BANKSEL	_GPIObits
0000a7   1985     btfsc   0x05, 0x3        	BTFSC	_GPIObits,3
0000a8   28c6     goto    0x00c6           	GOTO	_00110_DS_
                                           ;	.line	52; "dado.c"	unsigned char valor_aleatorio = TMR0; 
0000a9   0801     movf    0x01, 0x0        	MOVF	_TMR0,W
0000aa   1683     bsf     0x03, 0x5        	BANKSEL	r0x100A
0000ab   00ac     movwf   0x2c             	MOVWF	r0x100A
                                           ;	.line	54; "dado.c"	if (valor_aleatorio != valor_actual) {
0000ac   1683     bsf     0x03, 0x5        	BANKSEL	_valor_actual
0000ad   0835     movf    0x35, 0x0        	MOVF	_valor_actual,W
                                           ;	.line	58; "dado.c"	valor_anterior = valor_actual; 
0000ae   1683     bsf     0x03, 0x5        	BANKSEL	r0x100A
0000af   062c     xorwf   0x2c, 0x0        	XORWF	r0x100A,W
0000b0   1903     btfsc   0x03, 0x2        	BTFSC	STATUS,2
0000b1   28c1     goto    0x00c1           	GOTO	_00106_DS_
0000b2   1683     bsf     0x03, 0x5        	BANKSEL	_valor_actual
0000b3   0835     movf    0x35, 0x0        	MOVF	_valor_actual,W
0000b4   1683     bsf     0x03, 0x5        	BANKSEL	_valor_anterior
0000b5   00b6     movwf   0x36             	MOVWF	_valor_anterior
                                           ;	.line	60; "dado.c"	valor_actual = valor_aleatorio; 
0000b6   1683     bsf     0x03, 0x5        	BANKSEL	r0x100A
0000b7   082c     movf    0x2c, 0x0        	MOVF	r0x100A,W
0000b8   1683     bsf     0x03, 0x5        	BANKSEL	_valor_actual
0000b9   00b5     movwf   0x35             	MOVWF	_valor_actual
                                           ;	.line	62; "dado.c"	GPIO = (0b11000000 | valor_actual);
0000ba   0835     movf    0x35, 0x0        	MOVF	_valor_actual,W
0000bb   1683     bsf     0x03, 0x5        	BANKSEL	r0x100A
0000bc   00ac     movwf   0x2c             	MOVWF	r0x100A
0000bd   30c0     movlw   0xc0             	MOVLW	0xc0
0000be   042c     iorwf   0x2c, 0x0        	IORWF	r0x100A,W
0000bf   1283     bcf     0x03, 0x5        	BANKSEL	_GPIO
0000c0   0085     movwf   0x05             	MOVWF	_GPIO
                                           _00106_DS_:
                                           ;	.line	65; "dado.c"	delay(time);
0000c1   3064     movlw   0x64             	MOVLW	0x64
0000c2   00ff     movwf   0x7f             	MOVWF	STK00
0000c3   3000     movlw   0x00             	MOVLW	0x00
                                           	PAGESEL	_delay
0000c4   210d     call    0x010d           	CALL	_delay
                                           	PAGESEL	$
0000c5   28a6     goto    0x00a6           	GOTO	_00113_DS_
                                           _00110_DS_:
                                           ;	.line	69; "dado.c"	if (valor_actual != valor_anterior) {
0000c6   1683     bsf     0x03, 0x5        	BANKSEL	_valor_anterior
0000c7   0836     movf    0x36, 0x0        	MOVF	_valor_anterior,W
                                           ;	.line	71; "dado.c"	GPIO = (0b11000000 | valor_actual);
0000c8   1683     bsf     0x03, 0x5        	BANKSEL	_valor_actual
0000c9   0635     xorwf   0x35, 0x0        	XORWF	_valor_actual,W
0000ca   1903     btfsc   0x03, 0x2        	BTFSC	STATUS,2
0000cb   28a6     goto    0x00a6           	GOTO	_00113_DS_
0000cc   0835     movf    0x35, 0x0        	MOVF	_valor_actual,W
0000cd   1683     bsf     0x03, 0x5        	BANKSEL	r0x100A
0000ce   00ac     movwf   0x2c             	MOVWF	r0x100A
0000cf   30c0     movlw   0xc0             	MOVLW	0xc0
0000d0   042c     iorwf   0x2c, 0x0        	IORWF	r0x100A,W
0000d1   1283     bcf     0x03, 0x5        	BANKSEL	_GPIO
0000d2   0085     movwf   0x05             	MOVWF	_GPIO
                                           ;	.line	73; "dado.c"	valor_anterior = valor_actual; 
0000d3   1683     bsf     0x03, 0x5        	BANKSEL	_valor_actual
0000d4   0835     movf    0x35, 0x0        	MOVF	_valor_actual,W
0000d5   1683     bsf     0x03, 0x5        	BANKSEL	_valor_anterior
0000d6   00b6     movwf   0x36             	MOVWF	_valor_anterior
0000d7   28a6     goto    0x00a6           	GOTO	_00113_DS_
                                           ;	.line	77; "dado.c"	}
0000d8   0008     return                   	RETURN	
                                           ; exit point of _main
                                           
                                           ;***
                                           ;  pBlock Stats: dbName = C
                                           ;***
                                           ;has an exit
                                           ;9 compiler assigned registers:
                                           ;   r0x1002
                                           ;   STK00
                                           ;   r0x1003
                                           ;   r0x1004
                                           ;   r0x1005
                                           ;   r0x1006
                                           ;   r0x1007
                                           ;   r0x1008
                                           ;   r0x1009
                                           ;; Starting pCode block
                                           S_dado__delay	code
                                           _delay:
                                           ; 2 exit points
                                           ;	.line	85; "dado.c"	void delay(unsigned int tiempo) {
00010d   1683     bsf     0x03, 0x5        	BANKSEL	r0x1002
00010e   00ae     movwf   0x2e             	MOVWF	r0x1002
00010f   087f     movf    0x7f, 0x0        	MOVF	STK00,W
000110   00ad     movwf   0x2d             	MOVWF	r0x1003
                                           ;	.line	89; "dado.c"	for (i = 0; i < tiempo; i++)
000111   01af     clrf    0x2f             	CLRF	r0x1004
000112   01b0     clrf    0x30             	CLRF	r0x1005
                                           _00145_DS_:
000113   1683     bsf     0x03, 0x5        	BANKSEL	r0x1002
000114   082e     movf    0x2e, 0x0        	MOVF	r0x1002,W
000115   0230     subwf   0x30, 0x0        	SUBWF	r0x1005,W
000116   1d03     btfss   0x03, 0x2        	BTFSS	STATUS,2
000117   291a     goto    0x011a           	GOTO	_00166_DS_
000118   082d     movf    0x2d, 0x0        	MOVF	r0x1003,W
000119   022f     subwf   0x2f, 0x0        	SUBWF	r0x1004,W
                                           _00166_DS_:
00011a   1803     btfsc   0x03, 0x0        	BTFSC	STATUS,0
00011b   2937     goto    0x0137           	GOTO	_00147_DS_
                                           ;;genSkipc:3307: created from rifx:0x7ffc943f6e30
                                           ;	.line	90; "dado.c"	for (j = 0; j < 1275; j++);
00011c   30fb     movlw   0xfb             	MOVLW	0xfb
00011d   1683     bsf     0x03, 0x5        	BANKSEL	r0x1006
00011e   00b1     movwf   0x31             	MOVWF	r0x1006
00011f   3004     movlw   0x04             	MOVLW	0x04
000120   00b2     movwf   0x32             	MOVWF	r0x1007
                                           _00143_DS_:
000121   30ff     movlw   0xff             	MOVLW	0xff
000122   1683     bsf     0x03, 0x5        	BANKSEL	r0x1006
000123   0731     addwf   0x31, 0x0        	ADDWF	r0x1006,W
000124   00b3     movwf   0x33             	MOVWF	r0x1008
000125   30ff     movlw   0xff             	MOVLW	0xff
000126   00b4     movwf   0x34             	MOVWF	r0x1009
000127   0832     movf    0x32, 0x0        	MOVF	r0x1007,W
000128   1803     btfsc   0x03, 0x0        	BTFSC	STATUS,0
000129   0f32     incfsz  0x32, 0x0        	INCFSZ	r0x1007,W
00012a   07b4     addwf   0x34, 0x1        	ADDWF	r0x1009,F
00012b   0833     movf    0x33, 0x0        	MOVF	r0x1008,W
00012c   00b1     movwf   0x31             	MOVWF	r0x1006
00012d   0834     movf    0x34, 0x0        	MOVF	r0x1009,W
00012e   00b2     movwf   0x32             	MOVWF	r0x1007
00012f   0834     movf    0x34, 0x0        	MOVF	r0x1009,W
000130   0433     iorwf   0x33, 0x0        	IORWF	r0x1008,W
000131   1d03     btfss   0x03, 0x2        	BTFSS	STATUS,2
000132   2921     goto    0x0121           	GOTO	_00143_DS_
                                           ;	.line	89; "dado.c"	for (i = 0; i < tiempo; i++)
000133   0aaf     incf    0x2f, 0x1        	INCF	r0x1004,F
000134   1903     btfsc   0x03, 0x2        	BTFSC	STATUS,2
000135   0ab0     incf    0x30, 0x1        	INCF	r0x1005,F
000136   2913     goto    0x0113           	GOTO	_00145_DS_
                                           _00147_DS_:
                                           ;	.line	91; "dado.c"	}
000137   0008     return                   	RETURN	
                                           ; exit point of _delay
                                           
                                           
                                           ;	code size estimation:
                                           ;	   79+   25 =   104 instructions (  258 byte)
                                           
                                           	end
